12.27.2012
16.34.21
condor_exec.exe --agent texplore --actrate 3 --explore variancenovelty --n 5 --v 2 --rom ./games/asterix.bin --history 1 --model c45tree 

Specialized environment for Asterix, uses 8 features:
0: self x position
1: self row #
2: relative x distance to object in row above self
3: ID of object in row above self
4: relative x distance to object in row below self
5: ID of object in row below self
6: relative x distance to object in current row of self
7: ID of object in current row of self
0: M5 Tree
1: C4.5 Tree
2: M5 Tree
3: C4.5 Tree
4: M5 Tree
5: C4.5 Tree
6: M5 Tree
7: C4.5 Tree
REWARD: C4.5 Tree
TERMINAL: C4.5 Tree

glamdring-3
Architecture:          x86_64
CPU op-mode(s):        32-bit, 64-bit
CPU(s):                40
Thread(s) per core:    2
Core(s) per socket:    10
CPU socket(s):         2
NUMA node(s):          2
Vendor ID:             GenuineIntel
CPU family:            6
Model:                 47
Stepping:              2
CPU MHz:               2393.736
Virtualization:        VT-x
L1d cache:             32K
L1i cache:             32K
L2 cache:              256K
L3 cache:              30720K
MemTotal:       529430880 kB
MemFree:        490983364 kB


score	#steps	#invld
50	55	0
100	40	0
150	39	0
150	39	0
150	39	0
150	39	0
100	50	0
100	50	0
100	50	0
100	50	0
100	50	0
100	50	0
100	50	0
100	50	0
100	50	0
100	50	0
100	50	0
100	50	0
100	50	0
100	50	0
100	50	0
100	50	0
100	50	0
100	50	0
100	50	0
100	50	0
100	50	0
100	50	0
100	50	0
100	50	0
100	50	0
100	50	0
100	50	0
100	50	0
100	50	0
100	50	0
100	50	0
100	50	0
100	50	0
100	50	0
100	50	0
100	50	0
100	50	0
100	50	0
100	50	0
100	50	0
100	50	0
100	50	0
100	50	0
100	50	0
100	50	0
100	50	0
100	50	0
100	50	0
100	50	0
100	50	0
100	50	0
100	50	0
100	50	0
100	50	0
100	50	0
100	50	0
100	50	0
100	50	0
100	50	0
100	50	0
100	50	0
100	50	0
100	50	0
100	50	0
100	50	0
100	50	0
100	50	0
100	50	0
100	50	0
100	50	0
100	50	0
100	50	0
100	50	0
100	50	0
100	50	0
100	50	0
100	50	0
100	50	0
100	50	0
100	50	0
100	50	0
100	50	0
100	50	0
100	50	0
100	50	0
100	50	0
100	50	0
100	50	0
100	50	0
100	50	0
100	50	0
100	50	0
100	50	0
100	50	0
100	50	0
100	50	0
100	50	0
100	50	0
100	50	0
100	50	0
100	50	0
100	50	0
100	50	0
100	50	0
100	50	0
100	50	0
100	50	0
100	50	0
100	50	0
100	50	0
100	50	0
100	50	0
100	50	0
100	50	0
100	50	0
100	50	0
100	50	0
100	50	0
100	50	0
100	50	0
100	50	0
100	50	0
100	50	0
100	50	0
100	50	0
100	50	0
100	50	0
100	50	0
100	50	0
100	50	0
100	50	0
100	50	0
100	50	0
100	50	0
100	50	0
100	50	0
100	50	0
100	50	0
100	50	0
100	50	0
100	50	0
100	50	0
100	50	0
100	50	0
100	50	0
100	50	0
100	50	0
100	50	0
100	50	0
100	50	0
100	50	0
100	50	0
100	50	0
100	50	0
100	50	0
100	50	0
100	50	0
100	50	0
100	50	0
100	50	0
100	50	0
100	50	0
100	50	0
100	50	0
100	50	0
100	50	0
100	50	0
100	50	0
100	50	0
100	50	0
100	50	0
100	50	0
100	50	0
100	50	0
100	50	0
100	50	0
100	50	0
100	50	0
100	50	0
100	50	0
100	50	0
100	50	0
100	50	0
100	50	0
100	50	0
100	50	0
100	50	0
100	50	0
100	50	0
100	50	0
100	50	0
100	50	0
100	50	0
100	50	0
100	50	0
100	50	0
100	50	0
100	50	0
100	50	0
100	50	0
100	50	0
100	50	0
100	50	0
100	50	0
100	50	0
100	50	0
100	50	0
100	50	0
100	50	0
100	50	0
100	50	0
100	50	0
100	50	0
100	50	0
100	50	0
100	50	0
100	50	0
50	45	0
50	45	0
50	45	0
50	45	0
50	45	0
50	45	0
50	45	0
100	51	0
100	51	0
100	51	0
100	51	0
100	51	0
100	51	0
100	51	0
100	51	0
100	52	0
100	52	0
100	52	0
100	52	0
100	52	0
100	52	0
100	52	0
100	52	0
100	52	0
100	52	0
100	52	0
100	52	0
100	52	0
100	52	0
100	52	0
100	52	0
100	52	0
100	52	0
100	52	0
100	52	0
100	52	0
100	52	0
100	52	0
100	52	0
100	52	0
100	52	0
100	52	0
100	52	0
100	52	0
100	52	0
100	52	0
100	52	0
100	52	0
100	52	0
100	52	0
100	52	0
100	52	0
100	52	0
100	52	0
100	52	0
100	52	0
100	52	0
100	52	0
100	52	0
100	52	0
100	52	0
100	52	0
100	52	0
100	52	0
100	52	0
100	52	0
100	52	0
100	52	0
100	52	0
100	52	0
100	52	0
100	52	0
100	52	0
100	52	0
100	52	0
100	52	0
100	52	0
100	52	0
100	52	0
100	52	0
100	52	0
100	52	0
100	52	0
100	52	0
100	52	0
100	52	0
100	52	0
100	52	0
100	52	0
100	52	0
100	52	0
100	52	0
100	52	0
100	52	0
100	52	0
100	52	0
100	52	0
100	52	0
100	52	0
100	52	0
100	52	0
100	52	0
100	52	0
100	52	0
100	52	0
100	52	0
100	52	0
100	52	0
100	52	0
100	52	0
100	52	0
100	52	0
100	52	0
100	52	0
100	52	0
100	52	0
100	52	0
100	52	0
100	52	0
100	52	0
100	52	0
100	52	0
100	52	0
100	52	0
100	52	0
100	52	0
100	52	0
100	52	0
100	52	0
100	52	0
100	52	0
100	52	0
100	52	0
100	52	0
100	52	0
100	52	0
100	52	0
100	52	0
100	52	0
100	52	0
100	52	0
100	52	0
100	52	0
100	52	0
100	52	0
100	52	0
100	52	0
100	52	0
100	52	0
100	52	0
100	52	0
100	52	0
100	52	0
100	52	0
100	52	0
100	52	0
100	52	0
100	52	0
100	52	0
100	52	0
100	52	0
100	52	0
100	52	0
100	52	0
100	52	0
100	52	0
100	52	0
100	52	0
100	52	0
100	52	0
100	52	0
100	89	0
200	156	0
150	87	0
100	52	0
100	52	0
100	52	0
100	52	0
100	52	0
100	52	0
100	52	0
100	52	0
100	52	0
100	53	0
100	53	0
100	53	0
100	53	0
100	53	0
100	53	0
100	53	0
100	53	0
100	53	0
100	53	0
100	53	0
100	53	0
100	52	0
100	52	0
100	53	0
100	53	0
100	117	0
100	53	0
100	53	0
100	58	0
100	58	0
150	113	0
100	85	0
100	112	0
200	127	0
100	79	0
100	85	0
100	112	0
100	79	0
100	53	0
100	76	0
150	90	0
100	48	0
100	58	0
100	58	0
100	58	0
200	142	0
100	77	0
100	74	0
150	91	0
150	128	0
400	320	0
150	114	0
400	317	0
400	308	0
400	319	0
400	351	0
400	322	0
450	381	0
400	322	0
400	322	0
400	322	0
400	322	0
400	322	0
400	322	0
400	322	0
400	322	0
400	322	0
400	322	0
400	322	0
400	322	0
400	323	0
*** glibc detected *** condor_exec.exe: double free or corruption (out): 0x00002ad4c6d1a4d0 ***
======= Backtrace: =========
/lib/libc.so.6(+0x78bb6)[0x2ad46a92ebb6]
/lib/libc.so.6(cfree+0x73)[0x2ad46a935483]
condor_exec.exe(_ZN9__gnu_cxx13new_allocatorIfE10deallocateEPfm+0x20)[0x4887ca]
condor_exec.exe(_ZNSt12_Vector_baseIfSaIfEE13_M_deallocateEPfm+0x32)[0x487b74]
condor_exec.exe(_ZNSt12_Vector_baseIfSaIfEED2Ev+0x47)[0x4872e5]
condor_exec.exe(_ZNSt6vectorIfSaIfEED1Ev+0x44)[0x486b1e]
condor_exec.exe(_ZNSt4pairIKSt6vectorIfSaIfEEfED1Ev+0x18)[0x4aadcc]
condor_exec.exe(_ZN9__gnu_cxx13new_allocatorISt4pairIKSt6vectorIfSaIfEEfEE7destroyEPS6_+0x1c)[0x4ae322]
condor_exec.exe(_ZNSt8_Rb_treeISt6vectorIfSaIfEESt4pairIKS2_fESt10_Select1stIS5_ESt4lessIS2_ESaIS5_EE15_M_destroy_nodeEPSt13_Rb_tree_nodeIS5_E+0x3d)[0x4ac651]
condor_exec.exe(_ZNSt8_Rb_treeISt6vectorIfSaIfEESt4pairIKS2_fESt10_Select1stIS5_ESt4lessIS2_ESaIS5_EE8_M_eraseEPSt13_Rb_tree_nodeIS5_E+0x53)[0x4ab77f]
condor_exec.exe(_ZNSt8_Rb_treeISt6vectorIfSaIfEESt4pairIKS2_fESt10_Select1stIS5_ESt4lessIS2_ESaIS5_EE8_M_eraseEPSt13_Rb_tree_nodeIS5_E+0x30)[0x4ab75c]
======= Memory map: ========
00400000-00631000 r-xp 00000000 00:1d 7359876                            /v/filer4b/v38q001/cdonahue/AtariTEXPLORE/experiment
00830000-00831000 r--p 00230000 00:1d 7359876                            /v/filer4b/v38q001/cdonahue/AtariTEXPLORE/experiment
00831000-00833000 rw-p 00231000 00:1d 7359876                            /v/filer4b/v38q001/cdonahue/AtariTEXPLORE/experiment
00833000-00879000 rw-p 00000000 00:00 0 
01f4c000-212c17000 rw-p 00000000 00:00 0                                 [heap]
2ad468c89000-2ad468ca9000 r-xp 00000000 08:01 827386                     /lib/ld-2.11.1.so
2ad468ca9000-2ad468cab000 rw-p 00000000 00:00 0 
2ad468ea8000-2ad468ea9000 r--p 0001f000 08:01 827386                     /lib/ld-2.11.1.so
2ad468ea9000-2ad468eaa000 rw-p 00020000 08:01 827386                     /lib/ld-2.11.1.so
2ad468eaa000-2ad468eab000 rw-p 00000000 00:00 0 
2ad468eab000-2ad469101000 r-xp 00000000 00:1d 23720866                   /v/filer4b/v38q001/cdonahue/AtariTEXPLORE/ale/libale.so
2ad469101000-2ad469300000 ---p 00256000 00:1d 23720866                   /v/filer4b/v38q001/cdonahue/AtariTEXPLORE/ale/libale.so
2ad469300000-2ad469375000 r--p 00255000 00:1d 23720866                   /v/filer4b/v38q001/cdonahue/AtariTEXPLORE/ale/libale.so
2ad469375000-2ad46937a000 rw-p 002ca000 00:1d 23720866                   /v/filer4b/v38q001/cdonahue/AtariTEXPLORE/ale/libale.so
2ad46937a000-2ad469404000 rw-p 00000000 00:00 0 
2ad46941f000-2ad46949e000 r-xp 00000000 08:01 1086192                    /usr/lib/libdirectfb-1.2.so.0.8.0
2ad46949e000-2ad46969d000 ---p 0007f000 08:01 1086192                    /usr/lib/libdirectfb-1.2.so.0.8.0
2ad46969d000-2ad46969f000 r--p 0007e000 08:01 1086192                    /usr/lib/libdirectfb-1.2.so.0.8.0
2ad46969f000-2ad4696a1000 rw-p 00080000 08:01 1086192                    /usr/lib/libdirectfb-1.2.so.0.8.0
2ad4696a1000-2ad4696a3000 rw-p 00000000 00:00 0 
2ad4696a3000-2ad4696b9000 r-xp 00000000 08:01 786593                     /lib/libz.so.1.2.3.3
2ad4696b9000-2ad4698b8000 ---p 00016000 08:01 786593                     /lib/libz.so.1.2.3.3
2ad4698b8000-2ad4698b9000 r--p 00015000 08:01 786593                     /lib/libz.so.1.2.3.3
2ad4698b9000-2ad4698ba000 rw-p 00016000 08:01 786593                     /lib/libz.so.1.2.3.3
2ad4698ba000-2ad4698bd000 r-xp 00000000 08:01 1103342                    /usr/lib/libboost_system.so.1.40.0
2ad4698bd000-2ad469abc000 ---p 00003000 08:01 1103342                    /usr/lib/libboost_system.so.1.40.0
2ad469abc000-2ad469abd000 r--p 00002000 08:01 1103342                    /usr/lib/libboost_system.so.1.40.0
2ad469abd000-2ad469abe000 rw-p 00003000 08:01 1103342                    /usr/lib/libboost_system.so.1.40.0
2ad469abe000-2ad469ad2000 r-xp 00000000 08:01 1103482                    /usr/lib/libboost_thread.so.1.40.0
2ad469ad2000-2ad469cd1000 ---p 00014000 08:01 1103482                    /usr/lib/libboost_thread.so.1.40.0
2ad469cd1000-2ad469cd3000 r--p 00013000 08:01 1103482                    /usr/lib/libboost_thread.so.1.40.0
2ad469cd3000-2ad469cd4000 rw-p 00015000 08:01 1103482                    /usr/lib/libboost_thread.so.1.40.0
2ad469cd4000-2ad469cd5000 rw-p 00000000 00:00 0 
2ad469cd5000-2ad469ce8000 r-xp 00000000 08:01 1103344                    /usr/lib/libboost_filesystem.so.1.40.0
2ad469ce8000-2ad469ee8000 ---p 00013000 08:01 1103344                    /usr/lib/libboost_filesystem.so.1.40.0
2ad469ee8000-2ad469ee9000 r--p 00013000 08:01 1103344                    /usr/lib/libboost_filesystem.so.1.40.0
2ad469ee9000-2ad469eea000 rw-p 00014000 08:01 1103344                    /usr/lib/libboost_filesystem.so.1.40.0
2ad469eea000-2ad469f02000 r-xp 00000000 08:01 827389                     /lib/libpthread-2.11.1.so
2ad469f02000-2ad46a101000 ---p 00018000 08:01 827389                     /lib/libpthread-2.11.1.so
2ad46a101000-2ad46a102000 r--p 00017000 08:01 827389                     /lib/libpthread-2.11.1.so
2ad46a102000-2ad46a103000 rw-p 00018000 08:01 827389                     /lib/libpthread-2.11.1.so
2ad46a103000-2ad46a107000 rw-p 00000000 00:00 0 
2ad46a107000-2ad46a1fd000 r-xp 00000000 08:01 1049194                    /usr/lib/libstdc++.so.6.0.13
2ad46a1fd000-2ad46a3fd000 ---p 000f6000 08:01 1049194                    /usr/lib/libstdc++.so.6.0.13
2ad46a3fd000-2ad46a404000 r--p 000f6000 08:01 1049194                    /usr/lib/libstdc++.so.6.0.13
2ad46a404000-2ad46a406000 rw-p 000fd000 08:01 1049194                    /usr/lib/libstdc++.so.6.0.13
2ad46a406000-2ad46a41c000 rw-p 00000000 00:00 0 
2ad46a41c000-2ad46a49e000 r-xp 00000000 08:01 827378                     /lib/libm-2.11.1.so
2ad46a49e000-2ad46a69d000 ---p 00082000 08:01 827378                     /lib/libm-2.11.1.so
2ad46a69d000-2ad46a69e000 r--p 00081000 08:01 827378                     /lib/libm-2.11.1.so
2ad46a69e000-2ad46a69f000 rw-p 00082000 08:01 827378                     /lib/libm-2.11.1.so
2ad46a69f000-2ad46a6b5000 r-xp 00000000 08:01 790575                     /lib/libgcc_s.so.1
2ad46a6b5000-2ad46a8b4000 ---p 00016000 08:01 790575                     /lib/libgcc_s.so.1
2ad46a8b4000-2ad46a8b5000 r--p 00015000 08:01 790575                     /lib/libgcc_s.so.1
2ad46a8b5000-2ad46a8b6000 rw-p 00016000 08:01 790575                     /lib/libgcc_s.so.1
2ad46a8b6000-2ad46aa33000 r-xp 00000000 08:01 828206                     /lib/libc-2.11.1.so
2ad46aa33000-2ad46ac32000 ---p 0017d000 08:01 828206                     /lib/libc-2.11.1.so
2ad46ac32000-2ad46ac36000 r--p 0017c000 08:01 828206                     /lib/libc-2.11.1.so
2ad46ac36000-2ad46ac37000 rw-p 00180000 08:01 828206                     /lib/libc-2.11.1.so
2ad46ac37000-2ad46ac3d000 rw-p 00000000 00:00 0 
2ad46ac3d000-2ad46ac3f000 r-xp 00000000 08:01 828204                     /lib/libdl-2.11.1.so
2ad46ac3f000-2ad46ae3f000 ---p 00002000 08:01 828204                     /lib/libdl-2.11.1.so
2ad46ae3f000-2ad46ae40000 r--p 00002000 08:01 828204                     /lib/libdl-2.11.1.so
2ad46ae40000-2ad46ae41000 rw-p 00003000 08:01 828204                     /lib/libdl-2.11.1.so
2ad46ae41000-2ad46ae58000 r-xp 00000000 08:01 1086191                    /usr/lib/libdirect-1.2.so.0.8.0
2ad46ae58000-2ad46b057000 ---p 00017000 08:01 1086191                    /usr/lib/libdirect-1.2.so.0.8.0
2ad46b057000-2ad46b058000 r--p 00016000 08:01 1086191                    /usr/lib/libdirect-1.2.so.0.8.0
2ad46b058000-2ad46b059000 rw-p 00017000 08:01 1086191                    /usr/lib/libdirect-1.2.so.0.8.0
2ad46b059000-2ad46b05a000 rw-p 00000000 00:00 0 
2ad46b05a000-2ad46b063000 r-xp 00000000 08:01 1086193                    /usr/lib/libfusion-1.2.so.0.8.0
2ad46b063000-2ad46b262000 ---p 00009000 08:01 1086193                    /usr/lib/libfusion-1.2.so.0.8.0
2ad46b262000-2ad46b263000 r--p 00008000 08:01 1086193                    /usr/lib/libfusion-1.2.so.0.8.0
2ad46b263000-2ad46b264000 rw-p 00009000 08:01 1086193                    /usr/lib/libfusion-1.2.so.0.8.0
2ad46b264000-2ad46b265000 rw-p 00000000 00:00 0 
2ad46b265000-2ad46b26c000 r-xp 00000000 08:01 827383                     /lib/librt-2.11.1.so
2ad46b26c000-2ad46b46b000 ---p 00007000 08:01 827383                     /lib/librt-2.11.1.so
2ad46b46b000-2ad46b46c000 r--p 00006000 08:01 827383                     /lib/librt-2.11.1.so
2ad46b46c000-2ad46b46d000 rw-p 00007000 08:01 827383                     /lib/librt-2.11.1.so
2ad46b46d000-2ad46b471000 rw-p 00000000 00:00 0 
2ad46b471000-2ad46b472000 ---p 00000000 00:00 0 
2ad46b472000-2ad46b672000 rw-p 00000000 00:00 0 
2ad46b672000-2ad46b673000 ---p 00000000 00:00 0 
2ad46b673000-2ad46b873000 rw-p 00000000 00:00 0 
2ad46c000000-2ad470000000 rw-p 00000000 00:00 0 
2ad470000000-2ad473def000 rw-p 00000000 00:00 0 
2ad473def000-2ad474000000 ---p 00000000 00:00 0 
2ad474000000-2ad477f42000 rw-p 00000000 00:00 0 
2ad477f42000-2ad478000000 ---p 00000000 00:00 0 
2ad478000000-2ad47bef3000 rw-p 00000000 00:00 0 
2ad47bef3000-2ad47c000000 ---p 00000000 00:00 0 
2ad47c000000-2ad47fef3000 rw-p 00000000 00:00 0 
2ad47fef3000-2ad480000000 ---p 00000000 00:00 0 
2ad480000000-2ad484000000 rw-p 00000000 00:00 0 
2ad484000000-2ad488000000 rw-p 00000000 00:00 0 
2ad488000000-2ad48c000000 rw-p 00000000 00:00 0 
2ad48c000000-2ad494000000 rw-p 00000000 00:00 0 
2ad494000000-2ad497fe7000 rw-p 00000000 00:00 0 
2ad497fe7000-2ad498000000 ---p 00000000 00:00 0 
2ad498000000-2ad49bef3000 rw-p 00000000 00:00 0 
2ad49bef3000-2ad49c000000 ---p 00000000 00:00 0 
2ad49c000000-2ad4a0000000 rw-p 00000000 00:00 0 
2ad4a0000000-2ad4a7ffc000 rw-p 00000000 00:00 0 
2ad4a7ffc000-2ad4a8000000 ---p 00000000 00:00 0 
2ad4a8000000-2ad4ac000000 rw-p 00000000 00:00 0 
2ad4ac000000-2ad4b4000000 rw-p 00000000 00:00 0 
2ad4b4000000-2ad4b8000000 rw-p 00000000 00:00 0 
2ad4b8000000-2ad4bc000000 rw-p 00000000 00:00 0 
2ad4bc000000-2ad4c0000000 rw-p 00000000 00:00 0 
2ad4c0000000-2ad4c4000000 rw-p 00000000 00:00 0 
2ad4c4000000-2ad4c8000000 rw-p 00000000 00:00 0 
2ad4c8000000-2ad4cc000000 rw-p 00000000 00:00 0 
2ad4cc000000-2ad4d0000000 rw-p 00000000 00:00 0 
2ad4d0000000-2ad4d8000000 rw-p 00000000 00:00 0 
2ad4d8000000-2ad4e0000000 rw-p 00000000 00:00 0 
2ad4e0000000-2ad4e7fed000 rw-p 00000000 00:00 0 
2ad4e7fed000-2ad4e8000000 ---p 00000000 00:00 0 
2ad4e8000000-2ad4ebffa000 rw-p 00000000 00:00 0 
2ad4ebffa000-2ad4ec000000 ---p 00000000 00:00 0 
2ad4ec000000-2ad4efff9000 rw-p 00000000 00:00 0 
2ad4efff9000-2ad4f0000000 ---p 00000000 00:00 0 
2ad4f0000000-2ad4f4000000 rw-p 00000000 00:00 0 
2ad4f4000000-2ad4f7ffd000 rw-p 00000000 00:00 0 
2ad4f7ffd000-2ad4f8000000 ---p 00000000 00:00 0 
2ad4f8000000-2ad4fc000000 rw-p 00000000 00:00 0 
2ad4fc000000-2ad500000000 rw-p 00000000 00:00 0 
2ad500000000-2ad504000000 rw-p 00000000 00:00 0 
2ad504000000-2ad508000000 rw-p 00000000 00:00 0 
2ad508000000-2ad50c000000 rw-p 00000000 00:00 0 
2ad50c000000-2ad510000000 rw-p 00000000 00:00 0 
2ad510000000-2ad514000000 rw-p 00000000 00:00 0 
2ad514000000-2ad518000000 rw-p 00000000 00:00 0 
2ad518000000-2ad51c000000 rw-p 00000000 00:00 0 
2ad51c000000-2ad520000000 rw-p 00000000 00:00 0 
2ad520000000-2ad524000000 rw-p 00000000 00:00 0 
2ad524000000-2ad527ff6000 rw-p 00000000 00:00 0 
2ad527ff6000-2ad528000000 ---p 00000000 00:00 0 
2ad528000000-2ad52c000000 rw-p 00000000 00:00 0 
2ad52c000000-2ad534000000 rw-p 00000000 00:00 0 
2ad534000000-2ad538000000 rw-p 00000000 00:00 0 
2ad538000000-2ad53c000000 rw-p 00000000 00:00 0 
2ad53c000000-2ad540000000 rw-p 00000000 00:00 0 
2ad540000000-2ad544000000 rw-p 00000000 00:00 0 
2ad544000000-2ad547ff8000 rw-p 00000000 00:00 0 
2ad547ff8000-2ad548000000 ---p 00000000 00:00 0 
2ad548000000-2ad54bffb000 rw-p 00000000 00:00 0 
2ad54bffb000-2ad54c000000 ---p 00000000 00:00 0 
2ad54c000000-2ad54ffff000 rw-p 00000000 00:00 0 
2ad54ffff000-2ad550000000 ---p 00000000 00:00 0 
2ad550000000-2ad554000000 rw-p 00000000 00:00 0 
2ad554000000-2ad558000000 rw-p 00000000 00:00 0 
2ad558000000-2ad55c000000 rw-p 00000000 00:00 0 
2ad55c000000-2ad564000000 rw-p 00000000 00:00 0 
2ad564000000-2ad568000000 rw-p 00000000 00:00 0 
2ad568000000-2ad56c000000 rw-p 00000000 00:00 0 
2ad56c000000-2ad570000000 rw-p 00000000 00:00 0 
2ad570000000-2ad574000000 rw-p 00000000 00:00 0 
2ad574000000-2ad577fff000 rw-p 00000000 00:00 0 
2ad577fff000-2ad578000000 ---p 00000000 00:00 0 
2ad578000000-2ad57c000000 rw-p 00000000 00:00 0 
2ad57c000000-2ad580000000 rw-p 00000000 00:00 0 
2ad580000000-2ad583ffc000 rw-p 00000000 00:00 0 
2ad583ffc000-2ad584000000 ---p 00000000 00:00 0 
2ad584000000-2ad588000000 rw-p 00000000 00:00 0 
2ad588000000-2ad58c000000 rw-p 00000000 00:00 0 
2ad58c000000-2ad58ffff000 rw-p 00000000 00:00 0 
2ad58ffff000-2ad590000000 ---p 00000000 00:00 0 
2ad590000000-2ad594000000 rw-p 00000000 00:00 0 
2ad594000000-2ad598000000 rw-p 00000000 00:00 0 
2ad598000000-2ad59c000000 rw-p 00000000 00:00 0 
2ad59c000000-2ad5a0000000 rw-p 00000000 00:00 0 
2ad5a0000000-2ad5a3ff3000 rw-p 00000000 00:00 0 
2ad5a3ff3000-2ad5a4000000 ---p 00000000 00:00 0 
2ad5a4000000-2ad5a8000000 rw-p 00000000 00:00 0 
2ad5a8000000-2ad5ac000000 rw-p 00000000 00:00 0 
2ad5ac000000-2ad5b0000000 rw-p 00000000 00:00 0 
2ad5b0000000-2ad5b4000000 rw-p 00000000 00:00 0 
2ad5b4000000-2ad5b7ff3000 rw-p 00000000 00:00 0 
2ad5b7ff3000-2ad5b8000000 ---p 00000000 00:00 0 
2ad5b8000000-2ad5bc000000 rw-p 00000000 00:00 0 
2ad5bc000000-2ad5c4000000 rw-p 00000000 00:00 0 
2ad5c4000000-2ad5c7ffc000 rw-p 00000000 00:00 0 
2ad5c7ffc000-2ad5c8000000 ---p 00000000 00:00 0 
2ad5c8000000-2ad5cc000000 rw-p 00000000 00:00 0 
2ad5cc000000-2ad5d0000000 rw-p 00000000 00:00 0 
2ad5d0000000-2ad5d3ffe000 rw-p 00000000 00:00 0 
2ad5d3ffe000-2ad5d4000000 ---p 00000000 00:00 0 
2ad5d4000000-2ad5d8000000 rw-p 00000000 00:00 0 
2ad5d8000000-2ad5dc000000 rw-p 00000000 00:00 0 
2ad5dc000000-2ad5e0000000 rw-p 00000000 00:00 0 
2ad5e0000000-2ad5e4000000 rw-p 00000000 00:00 0 
2ad5e4000000-2ad5e8000000 rw-p 00000000 00:00 0 
2ad5e8000000-2ad5ebff5000 rw-p 00000000 00:00 0 
2ad5ebff5000-2ad5ec000000 ---p 00000000 00:00 0 
2ad5ec000000-2ad5f0000000 rw-p 00000000 00:00 0 
2ad5f0000000-2ad5f3ffd000 rw-p 00000000 00:00 0 
2ad5f3ffd000-2ad5f4000000 ---p 00000000 00:00 0 
2ad5f4000000-2ad5f8000000 rw-p 00000000 00:00 0 
2ad5f8000000-2ad5fc000000 rw-p 00000000 00:00 0 
2ad5fc000000-2ad600000000 rw-p 00000000 00:00 0 
2ad600000000-2ad604000000 rw-p 00000000 00:00 0 
2ad604000000-2ad608000000 rw-p 00000000 00:00 0 
2ad608000000-2ad60bffc000 rw-p 00000000 00:00 0 
2ad60bffc000-2ad60c000000 ---p 00000000 00:00 0 
2ad60c000000-2ad610000000 rw-p 00000000 00:00 0 
2ad610000000-2ad614000000 rw-p 00000000 00:00 0 
2ad614000000-2ad618000000 rw-p 00000000 00:00 0 
2ad618000000-2ad61bff7000 rw-p 00000000 00:00 0 
2ad61bff7000-2ad61c000000 ---p 00000000 00:00 0 
2ad61c000000-2ad620000000 rw-p 00000000 00:00 0 
2ad620000000-2ad624000000 rw-p 00000000 00:00 0 
2ad624000000-2ad627ffe000 rw-p 00000000 00:00 0 
2ad627ffe000-2ad628000000 ---p 00000000 00:00 0 
2ad628000000-2ad62c000000 rw-p 00000000 00:00 0 
2ad62c000000-2ad630000000 rw-p 00000000 00:00 0 
2ad630000000-2ad634000000 rw-p 00000000 00:00 0 
2ad634000000-2ad637ffc000 rw-p 00000000 00:00 0 
2ad637ffc000-2ad638000000 ---p 00000000 00:00 0 
2ad638000000-2ad63c000000 rw-p 00000000 00:00 0 
2ad63c000000-2ad63ffff000 rw-p 00000000 00:00 0 
2ad63ffff000-2ad640000000 ---p 00000000 00:00 0 
2ad640000000-2ad648000000 rw-p 00000000 00:00 0 
2ad648000000-2ad64c000000 rw-p 00000000 00:00 0 
2ad64c000000-2ad650000000 rw-p 00000000 00:00 0 
2ad650000000-2ad653ffe000 rw-p 00000000 00:00 0 
2ad653ffe000-2ad654000000 ---p 00000000 00:00 0 
2ad654000000-2ad658000000 rw-p 00000000 00:00 0 
2ad658000000-2ad65c000000 rw-p 00000000 00:00 0 
2ad65c000000-2ad660000000 rw-p 00000000 00:00 0 
2ad660000000-2ad663ffc000 rw-p 00000000 00:00 0 
2ad663ffc000-2ad664000000 ---p 00000000 00:00 0 
2ad664000000-2ad667ffd000 rw-p 00000000 00:00 0 
2ad667ffd000-2ad668000000 ---p 00000000 00:00 0 
2ad668000000-2ad66c000000 rw-p 00000000 00:00 0 
2ad66c000000-2ad66fef3000 rw-p 00000000 00:00 0 
2ad66fef3000-2ad670000000 ---p 00000000 00:00 0 
2ad670000000-2ad673f8d000 rw-p 00000000 00:00 0 
2ad673f8d000-2ad674000000 ---p 00000000 00:00 0 
2ad674000000-2ad677ef3000 rw-p 00000000 00:00 0 
2ad677ef3000-2ad678000000 ---p 00000000 00:00 0 
2ad678000000-2ad67bf33000 rw-p 00000000 00:00 0 
2ad67bf33000-2ad67c000000 ---p 00000000 00:00 0 
2ad67c000000-2ad680000000 rw-p 00000000 00:00 0 
2ad680000000-2ad68bffd000 rw-p 00000000 00:00 0 
2ad68bffd000-2ad68c000000 ---p 00000000 00:00 0 
2ad68c000000-2ad690000000 rw-p 00000000 00:00 0 
2ad690000000-2ad693ff1000 rw-p 00000000 00:00 0 
2ad693ff1000-2ad694000000 ---p 00000000 00:00 0 
2ad694000000-2ad69fff4000 rw-p 00000000 00:00 0 
2ad69fff4000-2ad6a0000000 ---p 00000000 00:00 0 
2ad6a0000000-2ad6abffe000 rw-p 00000000 00:00 0 
2ad6abffe000-2ad6ac000000 ---p 00000000 00:00 0 
2ad6ac000000-2ad6afffa000 rw-p 00000000 00:00 0 
2ad6afffa000-2ad6b0000000 ---p 00000000 00:00 0 
2ad6b0000000-2ad6b7ff1000 rw-p 00000000 00:00 0 
2ad6b7ff1000-2ad6b8000000 ---p 00000000 00:00 0 
2ad6b8000000-2ad6bfff1000 rw-p 00000000 00:00 0 
2ad6bfff1000-2ad6c0000000 ---p 00000000 00:00 0 
2ad6c0000000-2ad6cfffc000 rw-p 00000000 00:00 0 
2ad6cfffc000-2ad6d0000000 ---p 00000000 00:00 0 
2ad6d0000000-2ad6dbff9000 rw-p 00000000 00:00 0 
2ad6dbff9000-2ad6dc000000 ---p 00000000 00:00 0 
2ad6dc000000-2ad6e3fe2000 rw-p 00000000 00:00 0 
2ad6e3fe2000-2ad6e4000000 ---p 00000000 00:00 0 
2ad6e4000000-2ad718000000 rw-p 00000000 00:00 0 
2ad718000000-2ad723ffe000 rw-p 00000000 00:00 0 
2ad723ffe000-2ad724000000 ---p 00000000 00:00 0 
2ad724000000-2ad728000000 rw-p 00000000 00:00 0 
2ad728000000-2ad72c000000 rw-p 00000000 00:00 0 
2ad72c000000-2ad730000000 rw-p 00000000 00:00 0 
2ad730000000-2ad733ffa000 rw-p 00000000 00:00 0 
2ad733ffa000-2ad734000000 ---p 00000000 00:00 0 
2ad734000000-2ad737ffb000 rw-p 00000000 00:00 0 
2ad737ffb000-2ad738000000 ---p 00000000 00:00 0 
2ad738000000-2ad73bffa000 rw-p 00000000 00:00 0 
2ad73bffa000-2ad73c000000 ---p 00000000 00:00 0 
2ad73c000000-2ad73fff1000 rw-p 00000000 00:00 0 
2ad73fff1000-2ad740000000 ---p 00000000 00:00 0 
2ad740000000-2ad744000000 rw-p 00000000 00:00 0 
2ad744000000-2ad747ffa000 rw-p 00000000 00:00 0 
2ad747ffa000-2ad748000000 ---p 00000000 00:00 0 
2ad748000000-2ad74bffe000 rw-p 00000000 00:00 0 
2ad74bffe000-2ad74c000000 ---p 00000000 00:00 0 
2ad74c000000-2ad750000000 rw-p 00000000 00:00 0 
2ad750000000-2ad754000000 rw-p 00000000 00:00 0 
2ad754000000-2ad757ff2000 rw-p 00000000 00:00 0 
2ad757ff2000-2ad758000000 ---p 00000000 00:00 0 
2ad758000000-2ad75bff8000 rw-p 00000000 00:00 0 
2ad75bff8000-2ad75c000000 ---p 00000000 00:00 0 
2ad75c000000-2ad760000000 rw-p 00000000 00:00 0 
2ad760000000-2ad764000000 rw-p 00000000 00:00 0 
2ad764000000-2ad767ff3000 rw-p 00000000 00:00 0 
2ad767ff3000-2ad768000000 ---p 00000000 00:00 0 
2ad768000000-2ad76c000000 rw-p 00000000 00:00 0 
2ad76c000000-2ad774000000 rw-p 00000000 00:00 0 
2ad774000000-2ad777ffe000 rw-p 00000000 00:00 0 
2ad777ffe000-2ad778000000 ---p 00000000 00:00 0 
2ad778000000-2ad77c000000 rw-p 00000000 00:00 0 
2ad77c000000-2ad780000000 rw-p 00000000 00:00 0 
2ad780000000-2ad784000000 rw-p 00000000 00:00 0 
2ad784000000-2ad787ffe000 rw-p 00000000 00:00 0 
2ad787ffe000-2ad788000000 ---p 00000000 00:00 0 
2ad788000000-2ad78bfea000 rw-p 00000000 00:00 0 
2ad78bfea000-2ad78c000000 ---p 00000000 00:00 0 
2ad78c000000-2ad78fffd000 rw-p 00000000 00:00 0 
2ad78fffd000-2ad790000000 ---p 00000000 00:00 0 
2ad790000000-2ad794000000 rw-p 00000000 00:00 0 
2ad794000000-2ad797ff2000 rw-p 00000000 00:00 0 
2ad797ff2000-2ad798000000 ---p 00000000 00:00 0 
2ad798000000-2ad79bfff000 rw-p 00000000 00:00 0 
2ad79bfff000-2ad79c000000 ---p 00000000 00:00 0 
2ad79c000000-2ad79ffff000 rw-p 00000000 00:00 0 
2ad79ffff000-2ad7a0000000 ---p 00000000 00:00 0 
2ad7a0000000-2ad7a3feb000 rw-p 00000000 00:00 0 
2ad7a3feb000-2ad7a4000000 ---p 00000000 00:00 0 
2ad7a4000000-2ad7a8000000 rw-p 00000000 00:00 0 
2ad7a8000000-2ad7abfef000 rw-p 00000000 00:00 0 
2ad7abfef000-2ad7ac000000 ---p 00000000 00:00 0 
2ad7ac000000-2ad7affff000 rw-p 00000000 00:00 0 
2ad7affff000-2ad7b0000000 ---p 00000000 00:00 0 
2ad7b0000000-2ad7b3ff8000 rw-p 00000000 00:00 0 
2ad7b3ff8000-2ad7b4000000 ---p 00000000 00:00 0 
2ad7b4000000-2ad7b7ffc000 rw-p 00000000 00:00 0 
2ad7b7ffc000-2ad7b8000000 ---p 00000000 00:00 0 
2ad7b8000000-2ad7bc000000 rw-p 00000000 00:00 0 
2ad7bc000000-2ad7c0000000 rw-p 00000000 00:00 0 
2ad7c0000000-2ad7c8000000 rw-p 00000000 00:00 0 
2ad7c8000000-2ad7cc000000 rw-p 00000000 00:00 0 
2ad7cc000000-2ad7cfffa000 rw-p 00000000 00:00 0 
2ad7cfffa000-2ad7d0000000 ---p 00000000 00:00 0 
2ad7d0000000-2ad7d4000000 rw-p 00000000 00:00 0 
2ad7d4000000-2ad7d8000000 rw-p 00000000 00:00 0 
2ad7d8000000-2ad7dc000000 rw-p 00000000 00:00 0 
2ad7dc000000-2ad7e0000000 rw-p 00000000 00:00 0 
2ad7e0000000-2ad7e4000000 rw-p 00000000 00:00 0 
2ad7e4000000-2ad7ec000000 rw-p 00000000 00:00 0 
2ad7ec000000-2ad7f0000000 rw-p 00000000 00:00 0 
2ad7f0000000-2ad7f3ffe000 rw-p 00000000 00:00 0 
2ad7f3ffe000-2ad7f4000000 ---p 00000000 00:00 0 
2ad7f4000000-2ad7f8000000 rw-p 00000000 00:00 0 
2ad7f8000000-2ad7fbfef000 rw-p 00000000 00:00 0 
2ad7fbfef000-2ad7fc000000 ---p 00000000 00:00 0 
2ad7fc000000-2ad800000000 rw-p 00000000 00:00 0 
2ad800000000-2ad804000000 rw-p 00000000 00:00 0 
2ad804000000-2ad808000000 rw-p 00000000 00:00 0 
2ad808000000-2ad80bfff000 rw-p 00000000 00:00 0 
2ad80bfff000-2ad80c000000 ---p 00000000 00:00 0 
2ad80c000000-2ad810000000 rw-p 00000000 00:00 0 
2ad810000000-2ad814000000 rw-p 00000000 00:00 0 
2ad814000000-2ad818000000 rw-p 00000000 00:00 0 
2ad818000000-2ad81c000000 rw-p 00000000 00:00 0 
2ad81c000000-2ad820000000 rw-p 00000000 00:00 0 
2ad820000000-2ad824000000 rw-p 00000000 00:00 0 
2ad824000000-2ad827ff2000 rw-p 00000000 00:00 0 
2ad827ff2000-2ad828000000 ---p 00000000 00:00 0 
2ad828000000-2ad82c000000 rw-p 00000000 00:00 0 
2ad82c000000-2ad82fff3000 rw-p 00000000 00:00 0 
2ad82fff3000-2ad830000000 ---p 00000000 00:00 0 
2ad830000000-2ad834000000 rw-p 00000000 00:00 0 
2ad834000000-2ad837ff7000 rw-p 00000000 00:00 0 
2ad837ff7000-2ad838000000 ---p 00000000 00:00 0 
2ad838000000-2ad83c000000 rw-p 00000000 00:00 0 
2ad83c000000-2ad83fff3000 rw-p 00000000 00:00 0 
2ad83fff3000-2ad840000000 ---p 00000000 00:00 0 
2ad840000000-2ad843feb000 rw-p 00000000 00:00 0 
2ad843feb000-2ad844000000 ---p 00000000 00:00 0 
2ad844000000-2ad847ffc000 rw-p 00000000 00:00 0 
2ad847ffc000-2ad848000000 ---p 00000000 00:00 0 
2ad848000000-2ad84bffc000 rw-p 00000000 00:00 0 
2ad84bffc000-2ad84c000000 ---p 00000000 00:00 0 
2ad84c000000-2ad850000000 rw-p 00000000 00:00 0 
2ad850000000-2ad854000000 rw-p 00000000 00:00 0 
2ad854000000-2ad858000000 rw-p 00000000 00:00 0 
2ad858000000-2ad85bc36000 rw-p 00000000 00:00 0 
2ad85bc36000-2ad85c000000 ---p 00000000 00:00 0 
2ad85c000000-2ad85fbb3000 rw-p 00000000 00:00 0 
2ad85fbb3000-2ad860000000 ---p 00000000 00:00 0 
2ad860000000-2ad864000000 rw-p 00000000 00:00 0 
2ad864000000-2ad868000000 rw-p 00000000 00:00 0 
2ad868000000-2ad86c000000 rw-p 00000000 00:00 0 
2ad86c000000-2ad870000000 rw-p 00000000 00:00 0 
2ad870000000-2ad874000000 rw-p 00000000 00:00 0 
2ad874000000-2ad878000000 rw-p 00000000 00:00 0 
2ad878000000-2ad880000000 rw-p 00000000 00:00 0 
2ad880000000-2ad888000000 rw-p 00000000 00:00 0 
2ad888000000-2ad88c000000 rw-p 00000000 00:00 0 
2ad88c000000-2ad88ffef000 rw-p 00000000 00:00 0 
2ad88ffef000-2ad890000000 ---p 00000000 00:00 0 
2ad890000000-2ad898000000 rw-p 00000000 00:00 0 
2ad898000000-2ad89c000000 rw-p 00000000 00:00 0 
2ad89c000000-2ad8a0000000 rw-p 00000000 00:00 0 
2ad8a0000000-2ad8a3ffe000 rw-p 00000000 00:00 0 
2ad8a3ffe000-2ad8a4000000 ---p 00000000 00:00 0 
2ad8a4000000-2ad8a8000000 rw-p 00000000 00:00 0 
2ad8a8000000-2ad8ac000000 rw-p 00000000 00:00 0 
2ad8ac000000-2ad8b0000000 rw-p 00000000 00:00 0 
2ad8b0000000-2ad8b7ffa000 rw-p 00000000 00:00 0 
2ad8b7ffa000-2ad8b8000000 ---p 00000000 00:00 0 
2ad8b8000000-2ad8bc000000 rw-p 00000000 00:00 0 
2ad8bc000000-2ad8c0000000 rw-p 00000000 00:00 0 
2ad8c0000000-2ad8cc000000 rw-p 00000000 00:00 0 
2ad8cc000000-2ad8d0000000 rw-p 00000000 00:00 0 
2ad8d0000000-2ad8d4000000 rw-p 00000000 00:00 0 
2ad8d4000000-2ad8d8000000 rw-p 00000000 00:00 0 
2ad8d8000000-2ad8dc000000 rw-p 00000000 00:00 0 
2ad8dc000000-2ad8e4000000 rw-p 00000000 00:00 0 
2ad8e4000000-2ad8e8000000 rw-p 00000000 00:00 0 
2ad8e8000000-2ad8ec000000 rw-p 00000000 00:00 0 
2ad8ec000000-2ad8f4000000 rw-p 00000000 00:00 0 
2ad8f4000000-2ad8f8000000 rw-p 00000000 00:00 0 
2ad8f8000000-2ad90bffe000 rw-p 00000000 00:00 0 
2ad90bffe000-2ad90c000000 ---p 00000000 00:00 0 
2ad90c000000-2ad914000000 rw-p 00000000 00:00 0 
2ad914000000-2ad917ff7000 rw-p 00000000 00:00 0 
2ad917ff7000-2ad918000000 ---p 00000000 00:00 0 
2ad918000000-2ad91c000000 rw-p 00000000 00:00 0 
2ad91c000000-2ad920000000 rw-p 00000000 00:00 0 
2ad920000000-2ad924000000 rw-p 00000000 00:00 0 
2ad924000000-2ad92bffd000 rw-p 00000000 00:00 0 
2ad92bffd000-2ad92c000000 ---p 00000000 00:00 0 
2ad92c000000-2ad930000000 rw-p 00000000 00:00 0 
2ad930000000-2ad934000000 rw-p 00000000 00:00 0 
2ad934000000-2ad94c000000 rw-p 00000000 00:00 0 
2ad94c000000-2ad950000000 rw-p 00000000 00:00 0 
2ad950000000-2ad954000000 rw-p 00000000 00:00 0 
2ad954000000-2ad958000000 rw-p 00000000 00:00 0 
2ad958000000-2ad95c000000 rw-p 00000000 00:00 0 
2ad95c000000-2ad963ffc000 rw-p 00000000 00:00 0 
2ad963ffc000-2ad964000000 ---p 00000000 00:00 0 
2ad964000000-2ad968000000 rw-p 00000000 00:00 0 
2ad968000000-2ad96bfff000 rw-p 00000000 00:00 0 
2ad96bfff000-2ad96c000000 ---p 00000000 00:00 0 
2ad96c000000-2ad970000000 rw-p 00000000 00:00 0 
2ad970000000-2ad978000000 rw-p 00000000 00:00 0 
2ad978000000-2ad984000000 rw-p 00000000 00:00 0 
2ad984000000-2ad988000000 rw-p 00000000 00:00 0 
2ad988000000-2ad990000000 rw-p 00000000 00:00 0 
2ad990000000-2ad998000000 rw-p 00000000 00:00 0 
2ad998000000-2ad9ac000000 rw-p 00000000 00:00 0 
2ad9ac000000-2ad9b0000000 rw-p 00000000 00:00 0 
2ad9b0000000-2ad9b4000000 rw-p 00000000 00:00 0 
2ad9b4000000-2ad9b8000000 rw-p 00000000 00:00 0 
2ad9b8000000-2ad9c0000000 rw-p 00000000 00:00 0 
2ad9c0000000-2ad9c3ffa000 rw-p 00000000 00:00 0 
2ad9c3ffa000-2ad9c4000000 ---p 00000000 00:00 0 
2ad9c4000000-2ad9cc000000 rw-p 00000000 00:00 0 
2ad9cc000000-2ad9d0000000 rw-p 00000000 00:00 0 
2ad9d0000000-2ad9dc000000 rw-p 00000000 00:00 0 
2ad9dc000000-2ad9e0000000 rw-p 00000000 00:00 0 
2ad9e0000000-2ad9e3ff7000 rw-p 00000000 00:00 0 
2ad9e3ff7000-2ad9e4000000 ---p 00000000 00:00 0 
2ad9e4000000-2ada10000000 rw-p 00000000 00:00 0 
2ada10000000-2ada17ffe000 rw-p 00000000 00:00 0 
2ada17ffe000-2ada18000000 ---p 00000000 00:00 0 
2ada18000000-2ada1c000000 rw-p 00000000 00:00 0 
2ada1c000000-2ada1ffeb000 rw-p 00000000 00:00 0 
2ada1ffeb000-2ada20000000 ---p 00000000 00:00 0 
2ada20000000-2ada23ffe000 rw-p 00000000 00:00 0 
2ada23ffe000-2ada24000000 ---p 00000000 00:00 0 
2ada24000000-2ada28000000 rw-p 00000000 00:00 0 
2ada28000000-2ada2c000000 rw-p 00000000 00:00 0 
2ada2c000000-2ada2ffff000 rw-p 00000000 00:00 0 
2ada2ffff000-2ada30000000 ---p 00000000 00:00 0 
2ada30000000-2ada34000000 rw-p 00000000 00:00 0 
2ada34000000-2ada37fff000 rw-p 00000000 00:00 0 
2ada37fff000-2ada38000000 ---p 00000000 00:00 0 
2ada38000000-2ada3c000000 rw-p 00000000 00:00 0 
2ada3c000000-2ada3fff9000 rw-p 00000000 00:00 0 
2ada3fff9000-2ada40000000 ---p 00000000 00:00 0 
2ada40000000-2ada44000000 rw-p 00000000 00:00 0 
2ada44000000-2ada48000000 rw-p 00000000 00:00 0 
2ada48000000-2ada4bfff000 rw-p 00000000 00:00 0 
2ada4bfff000-2ada4c000000 ---p 00000000 00:00 0 
2ada4c000000-2ada50000000 rw-p 00000000 00:00 0 
2ada50000000-2ada54000000 rw-p 00000000 00:00 0 
2ada54000000-2ada58000000 rw-p 00000000 00:00 0 
2ada58000000-2ada5c000000 rw-p 00000000 00:00 0 
2ada5c000000-2ada5e48c000 rw-p 00000000 00:00 0 
2ada5e48c000-2ada60000000 ---p 00000000 00:00 0 
2ada60000000-2ada626e1000 rw-p 00000000 00:00 0 
2ada626e1000-2ada64000000 ---p 00000000 00:00 0 
2ada64000000-2ada65cab000 rw-p 00000000 00:00 0 
2ada65cab000-2ada68000000 ---p 00000000 00:00 0 
7fffba978000-7fffba9ff000 rw-p 00000000 00:00 0                          [stack]
7fffba9ff000-7fffbaa00000 r-xp 00000000 00:00 0                          [vdso]
ffffffffff600000-ffffffffff601000 r-xp 00000000 00:00 0                  [vsyscall]
