12.27.2012
16.34.21
condor_exec.exe --agent texplore --actrate 3 --explore variancenovelty --n 5 --v 2 --rom ./games/asterix.bin --history 1 --model c45tree 

Specialized environment for Asterix, uses 8 features:
0: self x position
1: self row #
2: relative x distance to object in row above self
3: ID of object in row above self
4: relative x distance to object in row below self
5: ID of object in row below self
6: relative x distance to object in current row of self
7: ID of object in current row of self
0: M5 Tree
1: C4.5 Tree
2: M5 Tree
3: C4.5 Tree
4: M5 Tree
5: C4.5 Tree
6: M5 Tree
7: C4.5 Tree
REWARD: C4.5 Tree
TERMINAL: C4.5 Tree

glamdring-3
Architecture:          x86_64
CPU op-mode(s):        32-bit, 64-bit
CPU(s):                40
Thread(s) per core:    2
Core(s) per socket:    10
CPU socket(s):         2
NUMA node(s):          2
Vendor ID:             GenuineIntel
CPU family:            6
Model:                 47
Stepping:              2
CPU MHz:               2393.736
Virtualization:        VT-x
L1d cache:             32K
L1i cache:             32K
L2 cache:              256K
L3 cache:              30720K
MemTotal:       529430880 kB
MemFree:        489014968 kB


score	#steps	#invld
100	82	0
150	60	0
150	114	0
150	114	0
150	114	0
150	114	0
150	114	0
150	114	0
150	114	0
150	114	0
150	114	0
150	114	0
150	114	0
150	114	0
150	114	0
150	114	0
150	114	0
150	114	0
150	114	0
150	114	0
150	114	0
150	114	0
150	114	0
150	114	0
150	114	0
150	114	0
150	114	0
150	114	0
150	114	0
150	114	0
150	114	0
150	124	0
150	110	0
100	48	0
100	47	0
100	47	0
100	47	0
100	47	0
100	47	0
100	82	0
100	82	0
100	117	0
150	113	0
150	127	0
150	177	0
200	202	0
100	148	0
100	148	0
100	148	0
100	148	0
100	148	0
100	148	0
100	148	0
100	148	0
100	148	0
100	148	0
100	148	0
100	148	0
100	148	0
100	108	0
100	107	0
100	118	0
100	121	0
100	106	0
100	107	0
100	115	0
100	111	0
100	110	0
100	110	0
100	110	0
100	110	0
100	110	0
100	110	0
100	115	0
100	117	0
100	117	0
100	73	0
100	73	0
100	91	0
100	54	0
100	107	0
100	52	0
50	104	0
200	108	0
100	52	0
100	117	0
100	73	0
200	142	0
100	117	0
100	117	0
100	117	0
250	151	0
100	117	0
100	117	0
100	117	0
100	117	0
100	117	0
100	117	0
100	117	0
250	209	0
100	117	0
100	117	0
100	117	0
100	117	0
100	117	0
250	142	0
100	117	0
100	122	0
100	50	0
100	50	0
100	114	0
150	186	0
100	116	0
100	116	0
100	117	0
100	116	0
100	116	0
100	116	0
100	116	0
100	116	0
100	116	0
100	116	0
100	116	0
100	116	0
100	116	0
100	116	0
100	116	0
100	116	0
100	116	0
100	116	0
100	116	0
100	116	0
100	116	0
100	116	0
100	116	0
100	116	0
100	116	0
100	116	0
100	116	0
100	116	0
100	116	0
100	116	0
100	116	0
100	116	0
100	116	0
100	116	0
100	116	0
100	116	0
100	116	0
100	116	0
100	116	0
100	116	0
100	116	0
100	116	0
100	116	0
100	116	0
100	116	0
100	116	0
100	116	0
100	116	0
100	116	0
100	116	0
100	116	0
100	116	0
100	116	0
100	116	0
100	116	0
100	116	0
100	116	0
100	116	0
100	116	0
100	116	0
100	116	0
100	116	0
100	116	0
100	116	0
100	116	0
100	116	0
100	116	0
100	116	0
100	116	0
100	116	0
100	116	0
100	116	0
100	116	0
100	116	0
100	116	0
100	116	0
100	116	0
100	116	0
100	116	0
100	116	0
100	116	0
100	116	0
100	116	0
100	116	0
100	116	0
100	116	0
100	116	0
100	116	0
100	116	0
100	116	0
100	116	0
100	116	0
100	116	0
100	116	0
100	116	0
100	116	0
100	116	0
100	116	0
100	116	0
100	116	0
100	116	0
100	116	0
100	116	0
100	116	0
100	116	0
100	116	0
100	116	0
100	116	0
100	116	0
100	116	0
100	116	0
100	116	0
100	116	0
100	116	0
100	116	0
100	116	0
100	116	0
100	116	0
100	116	0
100	116	0
100	116	0
100	116	0
100	116	0
100	116	0
100	116	0
100	116	0
100	116	0
*** glibc detected *** condor_exec.exe: munmap_chunk(): invalid pointer: 0x00002b3950d27470 ***
======= Backtrace: =========
/lib/libc.so.6(+0x78bb6)[0x2b38feb48bb6]
condor_exec.exe(_ZN9__gnu_cxx13new_allocatorIfE10deallocateEPfm+0x20)[0x4887ca]
condor_exec.exe(_ZNSt12_Vector_baseIfSaIfEE13_M_deallocateEPfm+0x32)[0x487b74]
condor_exec.exe(_ZNSt12_Vector_baseIfSaIfEED2Ev+0x47)[0x4872e5]
condor_exec.exe(_ZNSt6vectorIfSaIfEED1Ev+0x44)[0x486b1e]
condor_exec.exe(_ZNSt4pairIKSt6vectorIfSaIfEEfED1Ev+0x18)[0x4aadcc]
condor_exec.exe(_ZN9__gnu_cxx13new_allocatorISt4pairIKSt6vectorIfSaIfEEfEE7destroyEPS6_+0x1c)[0x4ae322]
condor_exec.exe(_ZNSt8_Rb_treeISt6vectorIfSaIfEESt4pairIKS2_fESt10_Select1stIS5_ESt4lessIS2_ESaIS5_EE15_M_destroy_nodeEPSt13_Rb_tree_nodeIS5_E+0x3d)[0x4ac651]
condor_exec.exe(_ZNSt8_Rb_treeISt6vectorIfSaIfEESt4pairIKS2_fESt10_Select1stIS5_ESt4lessIS2_ESaIS5_EE8_M_eraseEPSt13_Rb_tree_nodeIS5_E+0x53)[0x4ab77f]
condor_exec.exe(_ZNSt8_Rb_treeISt6vectorIfSaIfEESt4pairIKS2_fESt10_Select1stIS5_ESt4lessIS2_ESaIS5_EE8_M_eraseEPSt13_Rb_tree_nodeIS5_E+0x30)[0x4ab75c]
======= Memory map: ========
00400000-00631000 r-xp 00000000 00:1d 7359876                            /v/filer4b/v38q001/cdonahue/AtariTEXPLORE/experiment
00830000-00831000 r--p 00230000 00:1d 7359876                            /v/filer4b/v38q001/cdonahue/AtariTEXPLORE/experiment
00831000-00833000 rw-p 00231000 00:1d 7359876                            /v/filer4b/v38q001/cdonahue/AtariTEXPLORE/experiment
00833000-00879000 rw-p 00000000 00:00 0 
017b5000-281870000 rw-p 00000000 00:00 0                                 [heap]
2b38fcea3000-2b38fcec3000 r-xp 00000000 08:01 827386                     /lib/ld-2.11.1.so
2b38fcec3000-2b38fcec5000 rw-p 00000000 00:00 0 
2b38fd0c2000-2b38fd0c3000 r--p 0001f000 08:01 827386                     /lib/ld-2.11.1.so
2b38fd0c3000-2b38fd0c4000 rw-p 00020000 08:01 827386                     /lib/ld-2.11.1.so
2b38fd0c4000-2b38fd0c5000 rw-p 00000000 00:00 0 
2b38fd0c5000-2b38fd31b000 r-xp 00000000 00:1d 23720866                   /v/filer4b/v38q001/cdonahue/AtariTEXPLORE/ale/libale.so
2b38fd31b000-2b38fd51a000 ---p 00256000 00:1d 23720866                   /v/filer4b/v38q001/cdonahue/AtariTEXPLORE/ale/libale.so
2b38fd51a000-2b38fd58f000 r--p 00255000 00:1d 23720866                   /v/filer4b/v38q001/cdonahue/AtariTEXPLORE/ale/libale.so
2b38fd58f000-2b38fd594000 rw-p 002ca000 00:1d 23720866                   /v/filer4b/v38q001/cdonahue/AtariTEXPLORE/ale/libale.so
2b38fd594000-2b38fd61e000 rw-p 00000000 00:00 0 
2b38fd639000-2b38fd6b8000 r-xp 00000000 08:01 1086192                    /usr/lib/libdirectfb-1.2.so.0.8.0
2b38fd6b8000-2b38fd8b7000 ---p 0007f000 08:01 1086192                    /usr/lib/libdirectfb-1.2.so.0.8.0
2b38fd8b7000-2b38fd8b9000 r--p 0007e000 08:01 1086192                    /usr/lib/libdirectfb-1.2.so.0.8.0
2b38fd8b9000-2b38fd8bb000 rw-p 00080000 08:01 1086192                    /usr/lib/libdirectfb-1.2.so.0.8.0
2b38fd8bb000-2b38fd8bd000 rw-p 00000000 00:00 0 
2b38fd8bd000-2b38fd8d3000 r-xp 00000000 08:01 786593                     /lib/libz.so.1.2.3.3
2b38fd8d3000-2b38fdad2000 ---p 00016000 08:01 786593                     /lib/libz.so.1.2.3.3
2b38fdad2000-2b38fdad3000 r--p 00015000 08:01 786593                     /lib/libz.so.1.2.3.3
2b38fdad3000-2b38fdad4000 rw-p 00016000 08:01 786593                     /lib/libz.so.1.2.3.3
2b38fdad4000-2b38fdad7000 r-xp 00000000 08:01 1103342                    /usr/lib/libboost_system.so.1.40.0
2b38fdad7000-2b38fdcd6000 ---p 00003000 08:01 1103342                    /usr/lib/libboost_system.so.1.40.0
2b38fdcd6000-2b38fdcd7000 r--p 00002000 08:01 1103342                    /usr/lib/libboost_system.so.1.40.0
2b38fdcd7000-2b38fdcd8000 rw-p 00003000 08:01 1103342                    /usr/lib/libboost_system.so.1.40.0
2b38fdcd8000-2b38fdcec000 r-xp 00000000 08:01 1103482                    /usr/lib/libboost_thread.so.1.40.0
2b38fdcec000-2b38fdeeb000 ---p 00014000 08:01 1103482                    /usr/lib/libboost_thread.so.1.40.0
2b38fdeeb000-2b38fdeed000 r--p 00013000 08:01 1103482                    /usr/lib/libboost_thread.so.1.40.0
2b38fdeed000-2b38fdeee000 rw-p 00015000 08:01 1103482                    /usr/lib/libboost_thread.so.1.40.0
2b38fdeee000-2b38fdeef000 rw-p 00000000 00:00 0 
2b38fdeef000-2b38fdf02000 r-xp 00000000 08:01 1103344                    /usr/lib/libboost_filesystem.so.1.40.0
2b38fdf02000-2b38fe102000 ---p 00013000 08:01 1103344                    /usr/lib/libboost_filesystem.so.1.40.0
2b38fe102000-2b38fe103000 r--p 00013000 08:01 1103344                    /usr/lib/libboost_filesystem.so.1.40.0
2b38fe103000-2b38fe104000 rw-p 00014000 08:01 1103344                    /usr/lib/libboost_filesystem.so.1.40.0
2b38fe104000-2b38fe11c000 r-xp 00000000 08:01 827389                     /lib/libpthread-2.11.1.so
2b38fe11c000-2b38fe31b000 ---p 00018000 08:01 827389                     /lib/libpthread-2.11.1.so
2b38fe31b000-2b38fe31c000 r--p 00017000 08:01 827389                     /lib/libpthread-2.11.1.so
2b38fe31c000-2b38fe31d000 rw-p 00018000 08:01 827389                     /lib/libpthread-2.11.1.so
2b38fe31d000-2b38fe321000 rw-p 00000000 00:00 0 
2b38fe321000-2b38fe417000 r-xp 00000000 08:01 1049194                    /usr/lib/libstdc++.so.6.0.13
2b38fe417000-2b38fe617000 ---p 000f6000 08:01 1049194                    /usr/lib/libstdc++.so.6.0.13
2b38fe617000-2b38fe61e000 r--p 000f6000 08:01 1049194                    /usr/lib/libstdc++.so.6.0.13
2b38fe61e000-2b38fe620000 rw-p 000fd000 08:01 1049194                    /usr/lib/libstdc++.so.6.0.13
2b38fe620000-2b38fe636000 rw-p 00000000 00:00 0 
2b38fe636000-2b38fe6b8000 r-xp 00000000 08:01 827378                     /lib/libm-2.11.1.so
2b38fe6b8000-2b38fe8b7000 ---p 00082000 08:01 827378                     /lib/libm-2.11.1.so
2b38fe8b7000-2b38fe8b8000 r--p 00081000 08:01 827378                     /lib/libm-2.11.1.so
2b38fe8b8000-2b38fe8b9000 rw-p 00082000 08:01 827378                     /lib/libm-2.11.1.so
2b38fe8b9000-2b38fe8cf000 r-xp 00000000 08:01 790575                     /lib/libgcc_s.so.1
2b38fe8cf000-2b38feace000 ---p 00016000 08:01 790575                     /lib/libgcc_s.so.1
2b38feace000-2b38feacf000 r--p 00015000 08:01 790575                     /lib/libgcc_s.so.1
2b38feacf000-2b38fead0000 rw-p 00016000 08:01 790575                     /lib/libgcc_s.so.1
2b38fead0000-2b38fec4d000 r-xp 00000000 08:01 828206                     /lib/libc-2.11.1.so
2b38fec4d000-2b38fee4c000 ---p 0017d000 08:01 828206                     /lib/libc-2.11.1.so
2b38fee4c000-2b38fee50000 r--p 0017c000 08:01 828206                     /lib/libc-2.11.1.so
2b38fee50000-2b38fee51000 rw-p 00180000 08:01 828206                     /lib/libc-2.11.1.so
2b38fee51000-2b38fee57000 rw-p 00000000 00:00 0 
2b38fee57000-2b38fee59000 r-xp 00000000 08:01 828204                     /lib/libdl-2.11.1.so
2b38fee59000-2b38ff059000 ---p 00002000 08:01 828204                     /lib/libdl-2.11.1.so
2b38ff059000-2b38ff05a000 r--p 00002000 08:01 828204                     /lib/libdl-2.11.1.so
2b38ff05a000-2b38ff05b000 rw-p 00003000 08:01 828204                     /lib/libdl-2.11.1.so
2b38ff05b000-2b38ff072000 r-xp 00000000 08:01 1086191                    /usr/lib/libdirect-1.2.so.0.8.0
2b38ff072000-2b38ff271000 ---p 00017000 08:01 1086191                    /usr/lib/libdirect-1.2.so.0.8.0
2b38ff271000-2b38ff272000 r--p 00016000 08:01 1086191                    /usr/lib/libdirect-1.2.so.0.8.0
2b38ff272000-2b38ff273000 rw-p 00017000 08:01 1086191                    /usr/lib/libdirect-1.2.so.0.8.0
2b38ff273000-2b38ff274000 rw-p 00000000 00:00 0 
2b38ff274000-2b38ff27d000 r-xp 00000000 08:01 1086193                    /usr/lib/libfusion-1.2.so.0.8.0
2b38ff27d000-2b38ff47c000 ---p 00009000 08:01 1086193                    /usr/lib/libfusion-1.2.so.0.8.0
2b38ff47c000-2b38ff47d000 r--p 00008000 08:01 1086193                    /usr/lib/libfusion-1.2.so.0.8.0
2b38ff47d000-2b38ff47e000 rw-p 00009000 08:01 1086193                    /usr/lib/libfusion-1.2.so.0.8.0
2b38ff47e000-2b38ff47f000 rw-p 00000000 00:00 0 
2b38ff47f000-2b38ff486000 r-xp 00000000 08:01 827383                     /lib/librt-2.11.1.so
2b38ff486000-2b38ff685000 ---p 00007000 08:01 827383                     /lib/librt-2.11.1.so
2b38ff685000-2b38ff686000 r--p 00006000 08:01 827383                     /lib/librt-2.11.1.so
2b38ff686000-2b38ff687000 rw-p 00007000 08:01 827383                     /lib/librt-2.11.1.so
2b38ff687000-2b38ff68b000 rw-p 00000000 00:00 0 
2b38ff68b000-2b38ff68c000 ---p 00000000 00:00 0 
2b38ff68c000-2b38ff88c000 rw-p 00000000 00:00 0 
2b38ff88c000-2b38ff88d000 ---p 00000000 00:00 0 
2b38ff88d000-2b38ffa8d000 rw-p 00000000 00:00 0 
2b3900000000-2b3903ff4000 rw-p 00000000 00:00 0 
2b3903ff4000-2b3904000000 ---p 00000000 00:00 0 
2b3904000000-2b3907fff000 rw-p 00000000 00:00 0 
2b3907fff000-2b3908000000 ---p 00000000 00:00 0 
2b3908000000-2b390c000000 rw-p 00000000 00:00 0 
2b390c000000-2b3910000000 rw-p 00000000 00:00 0 
2b3910000000-2b3914000000 rw-p 00000000 00:00 0 
2b3918000000-2b391bfff000 rw-p 00000000 00:00 0 
2b391bfff000-2b391c000000 ---p 00000000 00:00 0 
2b391c000000-2b3920000000 rw-p 00000000 00:00 0 
2b3920000000-2b3923ffc000 rw-p 00000000 00:00 0 
2b3923ffc000-2b3924000000 ---p 00000000 00:00 0 
2b3924000000-2b3928000000 rw-p 00000000 00:00 0 
2b3928000000-2b392be43000 rw-p 00000000 00:00 0 
2b392be43000-2b392c000000 ---p 00000000 00:00 0 
2b3930000000-2b3934000000 rw-p 00000000 00:00 0 
2b3934000000-2b3938000000 rw-p 00000000 00:00 0 
2b3938000000-2b393bff3000 rw-p 00000000 00:00 0 
2b393bff3000-2b393c000000 ---p 00000000 00:00 0 
2b393c000000-2b3944000000 rw-p 00000000 00:00 0 
2b3944000000-2b3948000000 rw-p 00000000 00:00 0 
2b3948000000-2b394c000000 rw-p 00000000 00:00 0 
2b394c000000-2b3954000000 rw-p 00000000 00:00 0 
2b3954000000-2b3958000000 rw-p 00000000 00:00 0 
2b3958000000-2b3960000000 rw-p 00000000 00:00 0 
2b3960000000-2b3964000000 rw-p 00000000 00:00 0 
2b3964000000-2b396c000000 rw-p 00000000 00:00 0 
2b396c000000-2b3970000000 rw-p 00000000 00:00 0 
2b3970000000-2b3973fe4000 rw-p 00000000 00:00 0 
2b3973fe4000-2b3974000000 ---p 00000000 00:00 0 
2b3974000000-2b3978000000 rw-p 00000000 00:00 0 
2b3978000000-2b3984000000 rw-p 00000000 00:00 0 
2b3984000000-2b398c000000 rw-p 00000000 00:00 0 
2b398c000000-2b398fff7000 rw-p 00000000 00:00 0 
2b398fff7000-2b3990000000 ---p 00000000 00:00 0 
2b3990000000-2b3993fff000 rw-p 00000000 00:00 0 
2b3993fff000-2b3994000000 ---p 00000000 00:00 0 
2b3994000000-2b3997ff3000 rw-p 00000000 00:00 0 
2b3997ff3000-2b3998000000 ---p 00000000 00:00 0 
2b3998000000-2b399fffd000 rw-p 00000000 00:00 0 
2b399fffd000-2b39a0000000 ---p 00000000 00:00 0 
2b39a0000000-2b39a8000000 rw-p 00000000 00:00 0 
2b39a8000000-2b39b0000000 rw-p 00000000 00:00 0 
2b39b0000000-2b39b3ffd000 rw-p 00000000 00:00 0 
2b39b3ffd000-2b39b4000000 ---p 00000000 00:00 0 
2b39b4000000-2b39b7ff9000 rw-p 00000000 00:00 0 
2b39b7ff9000-2b39b8000000 ---p 00000000 00:00 0 
2b39b8000000-2b39bc000000 rw-p 00000000 00:00 0 
2b39bc000000-2b39bfdcf000 rw-p 00000000 00:00 0 
2b39bfdcf000-2b39c0000000 ---p 00000000 00:00 0 
2b39c0000000-2b39c3f1a000 rw-p 00000000 00:00 0 
2b39c3f1a000-2b39c4000000 ---p 00000000 00:00 0 
2b39c4000000-2b39c7ef3000 rw-p 00000000 00:00 0 
2b39c7ef3000-2b39c8000000 ---p 00000000 00:00 0 
2b39c8000000-2b39cbffd000 rw-p 00000000 00:00 0 
2b39cbffd000-2b39cc000000 ---p 00000000 00:00 0 
2b39cc000000-2b39d0000000 rw-p 00000000 00:00 0 
2b39d0000000-2b39d4000000 rw-p 00000000 00:00 0 
2b39d4000000-2b39dba08000 rw-p 00000000 00:00 0 
2b39dba08000-2b39dc000000 ---p 00000000 00:00 0 
2b39dc000000-2b39e4000000 rw-p 00000000 00:00 0 
2b39e4000000-2b39e8000000 rw-p 00000000 00:00 0 
2b39e8000000-2b39f0000000 rw-p 00000000 00:00 0 
2b39f0000000-2b39f8000000 rw-p 00000000 00:00 0 
2b39f8000000-2b39fc000000 rw-p 00000000 00:00 0 
2b39fc000000-2b3a53ffe000 rw-p 00000000 00:00 0 
2b3a53ffe000-2b3a54000000 ---p 00000000 00:00 0 
2b3a54000000-2b3a58000000 rw-p 00000000 00:00 0 
2b3a58000000-2b3a5bffe000 rw-p 00000000 00:00 0 
2b3a5bffe000-2b3a5c000000 ---p 00000000 00:00 0 
2b3a5c000000-2b3a60000000 rw-p 00000000 00:00 0 
2b3a60000000-2b3a64000000 rw-p 00000000 00:00 0 
2b3a64000000-2b3a68000000 rw-p 00000000 00:00 0 
2b3a68000000-2b3a6c000000 rw-p 00000000 00:00 0 
2b3a6c000000-2b3a70000000 rw-p 00000000 00:00 0 
2b3a70000000-2b3a74000000 rw-p 00000000 00:00 0 
2b3a74000000-2b3a78000000 rw-p 00000000 00:00 0 
2b3a78000000-2b3a7c000000 rw-p 00000000 00:00 0 
2b3a7c000000-2b3a7fffc000 rw-p 00000000 00:00 0 
2b3a7fffc000-2b3a80000000 ---p 00000000 00:00 0 
2b3a80000000-2b3a84000000 rw-p 00000000 00:00 0 
2b3a84000000-2b3a88000000 rw-p 00000000 00:00 0 
2b3a88000000-2b3a8c000000 rw-p 00000000 00:00 0 
2b3a8c000000-2b3a90000000 rw-p 00000000 00:00 0 
2b3a90000000-2b3a94000000 rw-p 00000000 00:00 0 
2b3a94000000-2b3a98000000 rw-p 00000000 00:00 0 
2b3a98000000-2b3a9bffe000 rw-p 00000000 00:00 0 
2b3a9bffe000-2b3a9c000000 ---p 00000000 00:00 0 
2b3a9c000000-2b3aa0000000 rw-p 00000000 00:00 0 
2b3aa0000000-2b3aa4000000 rw-p 00000000 00:00 0 
2b3aa4000000-2b3aa7ff9000 rw-p 00000000 00:00 0 
2b3aa7ff9000-2b3aa8000000 ---p 00000000 00:00 0 
2b3aa8000000-2b3aac000000 rw-p 00000000 00:00 0 
2b3aac000000-2b3aafff7000 rw-p 00000000 00:00 0 
2b3aafff7000-2b3ab0000000 ---p 00000000 00:00 0 
2b3ab0000000-2b3ab4000000 rw-p 00000000 00:00 0 
2b3ab4000000-2b3ab8000000 rw-p 00000000 00:00 0 
2b3ab8000000-2b3abc000000 rw-p 00000000 00:00 0 
2b3abc000000-2b3ac0000000 rw-p 00000000 00:00 0 
2b3ac0000000-2b3ac4000000 rw-p 00000000 00:00 0 
2b3ac4000000-2b3ac7fff000 rw-p 00000000 00:00 0 
2b3ac7fff000-2b3ac8000000 ---p 00000000 00:00 0 
2b3ac8000000-2b3acbffd000 rw-p 00000000 00:00 0 
2b3acbffd000-2b3acc000000 ---p 00000000 00:00 0 
2b3acc000000-2b3acfffd000 rw-p 00000000 00:00 0 
2b3acfffd000-2b3ad0000000 ---p 00000000 00:00 0 
2b3ad0000000-2b3ad4000000 rw-p 00000000 00:00 0 
2b3ad4000000-2b3ad7ffa000 rw-p 00000000 00:00 0 
2b3ad7ffa000-2b3ad8000000 ---p 00000000 00:00 0 
2b3ad8000000-2b3adc000000 rw-p 00000000 00:00 0 
2b3adc000000-2b3adfffa000 rw-p 00000000 00:00 0 
2b3adfffa000-2b3ae0000000 ---p 00000000 00:00 0 
2b3ae0000000-2b3ae4000000 rw-p 00000000 00:00 0 
2b3ae4000000-2b3ae8000000 rw-p 00000000 00:00 0 
2b3ae8000000-2b3aec000000 rw-p 00000000 00:00 0 
2b3aec000000-2b3af0000000 rw-p 00000000 00:00 0 
2b3af0000000-2b3af4000000 rw-p 00000000 00:00 0 
2b3af4000000-2b3af8000000 rw-p 00000000 00:00 0 
2b3af8000000-2b3afbff2000 rw-p 00000000 00:00 0 
2b3afbff2000-2b3afc000000 ---p 00000000 00:00 0 
2b3afc000000-2b3b04000000 rw-p 00000000 00:00 0 
2b3b04000000-2b3b08000000 rw-p 00000000 00:00 0 
2b3b08000000-2b3b0c000000 rw-p 00000000 00:00 0 
2b3b0c000000-2b3b10000000 rw-p 00000000 00:00 0 
2b3b10000000-2b3b18000000 rw-p 00000000 00:00 0 
2b3b18000000-2b3b1bfff000 rw-p 00000000 00:00 0 
2b3b1bfff000-2b3b1c000000 ---p 00000000 00:00 0 
2b3b1c000000-2b3b1fff4000 rw-p 00000000 00:00 0 
2b3b1fff4000-2b3b20000000 ---p 00000000 00:00 0 
2b3b20000000-2b3b24000000 rw-p 00000000 00:00 0 
2b3b24000000-2b3b28000000 rw-p 00000000 00:00 0 
2b3b28000000-2b3b2c000000 rw-p 00000000 00:00 0 
2b3b2c000000-2b3b2fffe000 rw-p 00000000 00:00 0 
2b3b2fffe000-2b3b30000000 ---p 00000000 00:00 0 
2b3b30000000-2b3b33fff000 rw-p 00000000 00:00 0 
2b3b33fff000-2b3b34000000 ---p 00000000 00:00 0 
2b3b34000000-2b3b37ffd000 rw-p 00000000 00:00 0 
2b3b37ffd000-2b3b38000000 ---p 00000000 00:00 0 
2b3b38000000-2b3b3c000000 rw-p 00000000 00:00 0 
2b3b3c000000-2b3b40000000 rw-p 00000000 00:00 0 
2b3b40000000-2b3b44000000 rw-p 00000000 00:00 0 
2b3b44000000-2b3b48000000 rw-p 00000000 00:00 0 
2b3b48000000-2b3b4bff9000 rw-p 00000000 00:00 0 
2b3b4bff9000-2b3b4c000000 ---p 00000000 00:00 0 
2b3b4c000000-2b3b50000000 rw-p 00000000 00:00 0 
2b3b50000000-2b3b54000000 rw-p 00000000 00:00 0 
2b3b54000000-2b3b58000000 rw-p 00000000 00:00 0 
2b3b58000000-2b3b5c000000 rw-p 00000000 00:00 0 
2b3b5c000000-2b3b60000000 rw-p 00000000 00:00 0 
2b3b60000000-2b3b67ffe000 rw-p 00000000 00:00 0 
2b3b67ffe000-2b3b68000000 ---p 00000000 00:00 0 
2b3b68000000-2b3b6bffb000 rw-p 00000000 00:00 0 
2b3b6bffb000-2b3b6c000000 ---p 00000000 00:00 0 
2b3b6c000000-2b3b6ffea000 rw-p 00000000 00:00 0 
2b3b6ffea000-2b3b70000000 ---p 00000000 00:00 0 
2b3b70000000-2b3b74000000 rw-p 00000000 00:00 0 
2b3b74000000-2b3b78000000 rw-p 00000000 00:00 0 
2b3b78000000-2b3b7c000000 rw-p 00000000 00:00 0 
2b3b7c000000-2b3b80000000 rw-p 00000000 00:00 0 
2b3b80000000-2b3b84000000 rw-p 00000000 00:00 0 
2b3b84000000-2b3b88000000 rw-p 00000000 00:00 0 
2b3b88000000-2b3b8c000000 rw-p 00000000 00:00 0 
2b3b8c000000-2b3b8fffc000 rw-p 00000000 00:00 0 
2b3b8fffc000-2b3b90000000 ---p 00000000 00:00 0 
2b3b90000000-2b3b94000000 rw-p 00000000 00:00 0 
2b3b94000000-2b3b98000000 rw-p 00000000 00:00 0 
2b3b98000000-2b3b9c000000 rw-p 00000000 00:00 0 
2b3b9c000000-2b3ba0000000 rw-p 00000000 00:00 0 
2b3ba0000000-2b3ba4000000 rw-p 00000000 00:00 0 
2b3ba4000000-2b3ba8000000 rw-p 00000000 00:00 0 
2b3ba8000000-2b3bb0000000 rw-p 00000000 00:00 0 
2b3bb0000000-2b3bb4000000 rw-p 00000000 00:00 0 
2b3bb4000000-2b3bb8000000 rw-p 00000000 00:00 0 
2b3bb8000000-2b3bbc000000 rw-p 00000000 00:00 0 
2b3bbc000000-2b3bc0000000 rw-p 00000000 00:00 0 
2b3bc0000000-2b3bc4000000 rw-p 00000000 00:00 0 
2b3bc4000000-2b3bc8000000 rw-p 00000000 00:00 0 
2b3bc8000000-2b3bcbfed000 rw-p 00000000 00:00 0 
2b3bcbfed000-2b3bcc000000 ---p 00000000 00:00 0 
2b3bcc000000-2b3bd0000000 rw-p 00000000 00:00 0 
2b3bd0000000-2b3bd4000000 rw-p 00000000 00:00 0 
2b3bd4000000-2b3bd8000000 rw-p 00000000 00:00 0 
2b3bd8000000-2b3bdc000000 rw-p 00000000 00:00 0 
2b3bdc000000-2b3bdfff9000 rw-p 00000000 00:00 0 
2b3bdfff9000-2b3be0000000 ---p 00000000 00:00 0 
2b3be0000000-2b3be4000000 rw-p 00000000 00:00 0 
2b3be4000000-2b3be7ffc000 rw-p 00000000 00:00 0 
2b3be7ffc000-2b3be8000000 ---p 00000000 00:00 0 
2b3be8000000-2b3befffd000 rw-p 00000000 00:00 0 
2b3befffd000-2b3bf0000000 ---p 00000000 00:00 0 
2b3bf0000000-2b3bf3ff9000 rw-p 00000000 00:00 0 
2b3bf3ff9000-2b3bf4000000 ---p 00000000 00:00 0 
2b3bf4000000-2b3bf8000000 rw-p 00000000 00:00 0 
2b3bf8000000-2b3bfc000000 rw-p 00000000 00:00 0 
2b3bfc000000-2b3c00000000 rw-p 00000000 00:00 0 
2b3c00000000-2b3c04000000 rw-p 00000000 00:00 0 
2b3c04000000-2b3c08000000 rw-p 00000000 00:00 0 
2b3c08000000-2b3c0c000000 rw-p 00000000 00:00 0 
2b3c0c000000-2b3c0fffc000 rw-p 00000000 00:00 0 
2b3c0fffc000-2b3c10000000 ---p 00000000 00:00 0 
2b3c10000000-2b3c14000000 rw-p 00000000 00:00 0 
2b3c14000000-2b3c17ffc000 rw-p 00000000 00:00 0 
2b3c17ffc000-2b3c18000000 ---p 00000000 00:00 0 
2b3c18000000-2b3c1c000000 rw-p 00000000 00:00 0 
2b3c1c000000-2b3c20000000 rw-p 00000000 00:00 0 
2b3c20000000-2b3c24000000 rw-p 00000000 00:00 0 
2b3c24000000-2b3c28000000 rw-p 00000000 00:00 0 
2b3c28000000-2b3c2c000000 rw-p 00000000 00:00 0 
2b3c2c000000-2b3c30000000 rw-p 00000000 00:00 0 
2b3c30000000-2b3c34000000 rw-p 00000000 00:00 0 
2b3c34000000-2b3c37fff000 rw-p 00000000 00:00 0 
2b3c37fff000-2b3c38000000 ---p 00000000 00:00 0 
2b3c38000000-2b3c3bffb000 rw-p 00000000 00:00 0 
2b3c3bffb000-2b3c3c000000 ---p 00000000 00:00 0 
2b3c3c000000-2b3c40000000 rw-p 00000000 00:00 0 
2b3c40000000-2b3c44000000 rw-p 00000000 00:00 0 
2b3c44000000-2b3c47ffe000 rw-p 00000000 00:00 0 
2b3c47ffe000-2b3c48000000 ---p 00000000 00:00 0 
2b3c48000000-2b3c4c000000 rw-p 00000000 00:00 0 
2b3c4c000000-2b3c50000000 rw-p 00000000 00:00 0 
2b3c50000000-2b3c54000000 rw-p 00000000 00:00 0 
2b3c54000000-2b3c58000000 rw-p 00000000 00:00 0 
2b3c58000000-2b3c5bffe000 rw-p 00000000 00:00 0 
2b3c5bffe000-2b3c5c000000 ---p 00000000 00:00 0 
2b3c5c000000-2b3c60000000 rw-p 00000000 00:00 0 
2b3c60000000-2b3c63ffe000 rw-p 00000000 00:00 0 
2b3c63ffe000-2b3c64000000 ---p 00000000 00:00 0 
2b3c64000000-2b3c67fff000 rw-p 00000000 00:00 0 
2b3c67fff000-2b3c68000000 ---p 00000000 00:00 0 
2b3c68000000-2b3c6c000000 rw-p 00000000 00:00 0 
2b3c6c000000-2b3c70000000 rw-p 00000000 00:00 0 
2b3c70000000-2b3c73ffd000 rw-p 00000000 00:00 0 
2b3c73ffd000-2b3c74000000 ---p 00000000 00:00 0 
2b3c74000000-2b3c78000000 rw-p 00000000 00:00 0 
2b3c78000000-2b3c7bb10000 rw-p 00000000 00:00 0 
2b3c7bb10000-2b3c7c000000 ---p 00000000 00:00 0 
2b3c7c000000-2b3c80000000 rw-p 00000000 00:00 0 
2b3c80000000-2b3c8c000000 rw-p 00000000 00:00 0 
2b3c8c000000-2b3c90000000 rw-p 00000000 00:00 0 
2b3c90000000-2b3cb4000000 rw-p 00000000 00:00 0 
2b3cb4000000-2b3d00000000 rw-p 00000000 00:00 0 
2b3d00000000-2b3d1c000000 rw-p 00000000 00:00 0 
2b3d1c000000-2b3d20000000 rw-p 00000000 00:00 0 
2b3d20000000-2b3d43ffc000 rw-p 00000000 00:00 0 
2b3d43ffc000-2b3d44000000 ---p 00000000 00:00 0 
2b3d44000000-2b3d80000000 rw-p 00000000 00:00 0 
2b3d80000000-2b3d84000000 rw-p 00000000 00:00 0 
2b3d84000000-2b3d94000000 rw-p 00000000 00:00 0 
2b3d94000000-2b3d9c000000 rw-p 00000000 00:00 0 
2b3d9c000000-2b3dd8000000 rw-p 00000000 00:00 0 
2b3dd8000000-2b3de0000000 rw-p 00000000 00:00 0 
2b3de0000000-2b3de8000000 rw-p 00000000 00:00 0 
2b3de8000000-2b3e28000000 rw-p 00000000 00:00 0 
2b3e28000000-2b3e2c000000 rw-p 00000000 00:00 0 
2b3e2c000000-2b3e30000000 rw-p 00000000 00:00 0 
2b3e30000000-2b3e38000000 rw-p 00000000 00:00 0 
2b3e38000000-2b3e44000000 rw-p 00000000 00:00 0 
2b3e44000000-2b3e60000000 rw-p 00000000 00:00 0 
2b3e60000000-2b3e64000000 rw-p 00000000 00:00 0 
2b3e64000000-2b3eb4000000 rw-p 00000000 00:00 0 
2b3eb8000000-2b3edc000000 rw-p 00000000 00:00 0 
2b3edc000000-2b3f30000000 rw-p 00000000 00:00 0 
2b3f30000000-2b3f34000000 rw-p 00000000 00:00 0 
2b3f34000000-2b3f80000000 rw-p 00000000 00:00 0 
2b3f80000000-2b3fa4000000 rw-p 00000000 00:00 0 
2b3fa4000000-2b3ff7fff000 rw-p 00000000 00:00 0 
2b3ff7fff000-2b3ff8000000 ---p 00000000 00:00 0 
2b3ff8000000-2b3ffbff4000 rw-p 00000000 00:00 0 
2b3ffbff4000-2b3ffc000000 ---p 00000000 00:00 0 
2b3ffc000000-2b4000000000 rw-p 00000000 00:00 0 
2b4000000000-2b4004000000 rw-p 00000000 00:00 0 
2b4004000000-2b4008000000 rw-p 00000000 00:00 0 
2b4008000000-2b4033ffd000 rw-p 00000000 00:00 0 
2b4033ffd000-2b4034000000 ---p 00000000 00:00 0 
2b4034000000-2b4050000000 rw-p 00000000 00:00 0 
2b4050000000-2b4053ff3000 rw-p 00000000 00:00 0 
2b4053ff3000-2b4054000000 ---p 00000000 00:00 0 
2b4054000000-2b4058000000 rw-p 00000000 00:00 0 
2b4058000000-2b405bffd000 rw-p 00000000 00:00 0 
2b405bffd000-2b405c000000 ---p 00000000 00:00 0 
2b405c000000-2b405ffff000 rw-p 00000000 00:00 0 
2b405ffff000-2b4060000000 ---p 00000000 00:00 0 
2b4060000000-2b4064000000 rw-p 00000000 00:00 0 
2b4064000000-2b4067ff1000 rw-p 00000000 00:00 0 
2b4067ff1000-2b4068000000 ---p 00000000 00:00 0 
2b4068000000-2b406c000000 rw-p 00000000 00:00 0 
2b406c000000-2b406fffe000 rw-p 00000000 00:00 0 
2b406fffe000-2b4070000000 ---p 00000000 00:00 0 
2b4070000000-2b4073fec000 rw-p 00000000 00:00 0 
2b4073fec000-2b4074000000 ---p 00000000 00:00 0 
2b4074000000-2b4078000000 rw-p 00000000 00:00 0 
2b4078000000-2b407c000000 rw-p 00000000 00:00 0 
2b407c000000-2b4080000000 rw-p 00000000 00:00 0 
2b4080000000-2b4084000000 rw-p 00000000 00:00 0 
2b4084000000-2b4087ff4000 rw-p 00000000 00:00 0 
2b4087ff4000-2b4088000000 ---p 00000000 00:00 0 
2b4088000000-2b408c000000 rw-p 00000000 00:00 0 
2b408c000000-2b4090000000 rw-p 00000000 00:00 0 
2b4090000000-2b4093ff7000 rw-p 00000000 00:00 0 
2b4093ff7000-2b4094000000 ---p 00000000 00:00 0 
2b4094000000-2b4098000000 rw-p 00000000 00:00 0 
2b4098000000-2b409bfe2000 rw-p 00000000 00:00 0 
2b409bfe2000-2b409c000000 ---p 00000000 00:00 0 
2b409c000000-2b40a0000000 rw-p 00000000 00:00 0 
2b40a0000000-2b40a3ff6000 rw-p 00000000 00:00 0 
2b40a3ff6000-2b40a4000000 ---p 00000000 00:00 0 
2b40a4000000-2b40a8000000 rw-p 00000000 00:00 0 
2b40a8000000-2b40abffe000 rw-p 00000000 00:00 0 
2b40abffe000-2b40ac000000 ---p 00000000 00:00 0 
2b40ac000000-2b40afffe000 rw-p 00000000 00:00 0 
2b40afffe000-2b40b0000000 ---p 00000000 00:00 0 
2b40b0000000-2b40b4000000 rw-p 00000000 00:00 0 
2b40b4000000-2b40b8000000 rw-p 00000000 00:00 0 
2b40b8000000-2b40bc000000 rw-p 00000000 00:00 0 
2b40bc000000-2b40c0000000 rw-p 00000000 00:00 0 
2b40c0000000-2b40c4000000 rw-p 00000000 00:00 0 
2b40c4000000-2b40c7ffe000 rw-p 00000000 00:00 0 
2b40c7ffe000-2b40c8000000 ---p 00000000 00:00 0 
2b40c8000000-2b40cc000000 rw-p 00000000 00:00 0 
2b40cc000000-2b40d0000000 rw-p 00000000 00:00 0 
2b40d0000000-2b40d4000000 rw-p 00000000 00:00 0 
2b40d4000000-2b40d7ff2000 rw-p 00000000 00:00 0 
2b40d7ff2000-2b40d8000000 ---p 00000000 00:00 0 
2b40d8000000-2b40dbff5000 rw-p 00000000 00:00 0 
2b40dbff5000-2b40dc000000 ---p 00000000 00:00 0 
2b40dc000000-2b40e0000000 rw-p 00000000 00:00 0 
2b40e0000000-2b40e3ff7000 rw-p 00000000 00:00 0 
2b40e3ff7000-2b40e4000000 ---p 00000000 00:00 0 
2b40e4000000-2b40e7fff000 rw-p 00000000 00:00 0 
2b40e7fff000-2b40e8000000 ---p 00000000 00:00 0 
2b40e8000000-2b40ec000000 rw-p 00000000 00:00 0 
2b40ec000000-2b40efff1000 rw-p 00000000 00:00 0 
2b40efff1000-2b40f0000000 ---p 00000000 00:00 0 
2b40f0000000-2b40f3ffc000 rw-p 00000000 00:00 0 
2b40f3ffc000-2b40f4000000 ---p 00000000 00:00 0 
2b40f4000000-2b40f7511000 rw-p 00000000 00:00 0 
2b40f7511000-2b40f8000000 ---p 00000000 00:00 0 
2b40f8000000-2b40fa2a2000 rw-p 00000000 00:00 0 
2b40fa2a2000-2b40fc000000 ---p 00000000 00:00 0 
2b40fc000000-2b40fd5ac000 rw-p 00000000 00:00 0 
2b40fd5ac000-2b4100000000 ---p 00000000 00:00 0 
7fffd832a000-7fffd83b2000 rw-p 00000000 00:00 0                          [stack]
7fffd83e2000-7fffd83e3000 r-xp 00000000 00:00 0                          [vdso]
ffffffffff600000-ffffffffff601000 r-xp 00000000 00:00 0                  [vsyscall]
