12.27.2012
16.34.23
condor_exec.exe --agent texplore --actrate 3 --explore variancenovelty --n 5 --v 2 --rom ./games/asterix.bin --history 1 --model c45tree 

Specialized environment for Asterix, uses 8 features:
0: self x position
1: self row #
2: relative x distance to object in row above self
3: ID of object in row above self
4: relative x distance to object in row below self
5: ID of object in row below self
6: relative x distance to object in current row of self
7: ID of object in current row of self
0: M5 Tree
1: C4.5 Tree
2: M5 Tree
3: C4.5 Tree
4: M5 Tree
5: C4.5 Tree
6: M5 Tree
7: C4.5 Tree
REWARD: C4.5 Tree
TERMINAL: C4.5 Tree

glamdring-3
Architecture:          x86_64
CPU op-mode(s):        32-bit, 64-bit
CPU(s):                40
Thread(s) per core:    2
Core(s) per socket:    10
CPU socket(s):         2
NUMA node(s):          2
Vendor ID:             GenuineIntel
CPU family:            6
Model:                 47
Stepping:              2
CPU MHz:               2393.736
Virtualization:        VT-x
L1d cache:             32K
L1i cache:             32K
L2 cache:              256K
L3 cache:              30720K
MemTotal:       529430880 kB
MemFree:        487551152 kB


score	#steps	#invld
100	55	0
50	119	0
50	58	0
50	58	0
50	58	0
50	58	0
50	58	0
50	58	0
50	58	0
50	58	0
50	58	0
50	58	0
50	58	0
50	58	0
50	58	0
50	58	0
50	58	0
50	58	0
50	58	0
50	58	0
50	58	0
50	58	0
50	58	0
50	58	0
50	58	0
50	58	0
50	58	0
50	58	0
50	58	0
50	58	0
50	58	0
50	58	0
50	58	0
50	58	0
50	58	0
50	58	0
50	58	0
50	58	0
50	58	0
50	93	0
100	118	0
50	85	0
50	51	0
50	51	0
50	51	0
50	51	0
50	51	0
50	51	0
50	51	0
50	51	0
50	51	0
50	51	0
50	51	0
50	51	0
50	51	0
50	51	0
50	51	0
50	51	0
50	51	0
50	51	0
50	51	0
50	51	0
50	51	0
50	51	0
50	51	0
50	51	0
50	51	0
50	51	0
50	51	0
50	51	0
50	51	0
50	51	0
50	51	0
50	51	0
50	51	0
50	51	0
50	51	0
50	51	0
50	51	0
50	51	0
50	51	0
50	51	0
50	51	0
50	51	0
50	51	0
50	51	0
50	51	0
50	51	0
50	51	0
50	51	0
50	51	0
50	51	0
50	51	0
50	51	0
50	51	0
50	51	0
50	51	0
50	51	0
50	51	0
50	51	0
50	51	0
50	51	0
50	51	0
50	51	0
50	51	0
50	51	0
50	51	0
50	51	0
50	51	0
50	51	0
50	51	0
50	51	0
50	51	0
50	51	0
50	51	0
50	51	0
50	51	0
50	51	0
50	51	0
50	51	0
50	51	0
50	51	0
50	51	0
50	51	0
50	51	0
50	51	0
50	51	0
50	51	0
50	51	0
50	51	0
50	51	0
50	51	0
50	51	0
50	51	0
50	51	0
50	51	0
50	51	0
50	51	0
50	51	0
50	51	0
50	51	0
50	51	0
50	51	0
50	51	0
50	51	0
50	51	0
50	51	0
50	51	0
50	51	0
50	51	0
50	51	0
50	51	0
50	51	0
50	51	0
50	51	0
50	51	0
50	51	0
50	51	0
50	51	0
50	51	0
50	51	0
50	51	0
50	51	0
50	51	0
50	51	0
50	51	0
50	51	0
50	51	0
50	51	0
50	51	0
50	51	0
50	51	0
50	51	0
50	51	0
50	51	0
50	51	0
50	51	0
50	51	0
50	51	0
50	51	0
50	51	0
50	51	0
50	51	0
50	51	0
50	51	0
50	51	0
50	51	0
50	51	0
50	51	0
50	51	0
50	51	0
50	51	0
50	51	0
50	51	0
50	51	0
50	51	0
50	51	0
50	51	0
50	51	0
50	51	0
50	51	0
50	51	0
50	51	0
50	51	0
50	51	0
50	51	0
50	51	0
50	51	0
50	51	0
50	51	0
50	51	0
50	51	0
50	51	0
50	51	0
50	51	0
50	51	0
50	51	0
50	51	0
50	51	0
50	51	0
50	51	0
50	51	0
50	51	0
50	51	0
50	51	0
50	51	0
50	51	0
50	51	0
50	51	0
50	51	0
50	51	0
50	51	0
50	51	0
50	51	0
50	51	0
50	51	0
50	51	0
50	51	0
50	51	0
50	51	0
50	51	0
50	51	0
50	51	0
50	51	0
50	51	0
50	51	0
50	51	0
50	51	0
50	51	0
50	51	0
50	51	0
50	51	0
50	51	0
50	51	0
50	51	0
50	51	0
50	51	0
50	51	0
50	51	0
50	51	0
50	51	0
50	51	0
50	51	0
50	51	0
50	51	0
50	51	0
50	51	0
50	51	0
50	51	0
50	51	0
50	51	0
50	51	0
50	51	0
50	51	0
50	51	0
50	51	0
50	51	0
50	51	0
50	51	0
50	51	0
50	51	0
50	51	0
50	51	0
50	51	0
50	51	0
50	51	0
50	51	0
50	51	0
50	51	0
50	51	0
50	51	0
50	51	0
50	51	0
50	51	0
50	51	0
50	51	0
50	51	0
50	51	0
50	51	0
50	51	0
50	51	0
50	51	0
50	51	0
50	51	0
50	51	0
50	51	0
50	51	0
50	51	0
50	51	0
50	51	0
50	51	0
50	51	0
50	51	0
50	51	0
50	51	0
50	51	0
50	51	0
50	51	0
50	51	0
50	51	0
50	51	0
50	51	0
50	51	0
50	51	0
50	51	0
50	51	0
50	51	0
50	51	0
50	51	0
50	51	0
50	51	0
50	51	0
50	51	0
50	51	0
50	51	0
50	51	0
50	51	0
50	51	0
50	51	0
50	51	0
50	51	0
50	51	0
50	51	0
50	51	0
50	51	0
50	51	0
50	51	0
50	51	0
50	51	0
50	51	0
50	51	0
50	51	0
50	51	0
50	51	0
50	51	0
50	51	0
50	51	0
50	51	0
50	51	0
50	51	0
50	51	0
50	51	0
50	51	0
50	51	0
50	51	0
50	51	0
50	51	0
50	51	0
50	51	0
50	51	0
50	51	0
50	51	0
50	51	0
50	51	0
50	51	0
50	51	0
50	51	0
50	51	0
50	51	0
50	51	0
50	51	0
50	51	0
50	51	0
50	51	0
50	51	0
50	51	0
50	51	0
50	51	0
50	51	0
50	51	0
50	51	0
50	51	0
50	51	0
50	51	0
50	51	0
50	51	0
50	51	0
50	51	0
50	51	0
50	51	0
50	51	0
50	51	0
50	51	0
50	51	0
50	51	0
50	51	0
50	51	0
50	51	0
50	51	0
50	51	0
50	51	0
50	51	0
50	51	0
50	51	0
50	51	0
50	51	0
50	51	0
50	51	0
50	51	0
50	51	0
50	51	0
50	51	0
50	51	0
50	51	0
50	51	0
50	51	0
50	51	0
50	51	0
50	51	0
50	51	0
50	51	0
50	51	0
50	51	0
50	51	0
50	51	0
50	51	0
50	51	0
50	51	0
50	51	0
50	51	0
50	51	0
50	51	0
50	51	0
50	51	0
50	51	0
50	51	0
50	51	0
50	51	0
50	51	0
50	51	0
50	51	0
50	51	0
50	51	0
50	51	0
50	51	0
50	51	0
50	51	0
50	51	0
50	51	0
50	51	0
50	51	0
50	51	0
50	51	0
50	51	0
50	51	0
50	51	0
50	51	0
50	51	0
50	51	0
50	51	0
50	51	0
50	51	0
50	51	0
50	51	0
50	51	0
50	51	0
50	51	0
50	51	0
50	51	0
50	51	0
50	51	0
50	51	0
50	51	0
50	51	0
50	51	0
50	51	0
50	51	0
50	51	0
50	51	0
50	51	0
50	51	0
50	51	0
50	51	0
50	51	0
50	51	0
50	51	0
50	51	0
50	51	0
50	51	0
50	51	0
50	51	0
50	51	0
50	51	0
50	51	0
50	51	0
50	51	0
50	51	0
50	51	0
50	51	0
50	51	0
50	51	0
50	51	0
50	51	0
50	51	0
50	51	0
50	51	0
50	51	0
*** glibc detected *** condor_exec.exe: munmap_chunk(): invalid pointer: 0x00002b451d4efa30 ***
======= Backtrace: =========
/lib/libc.so.6(+0x78bb6)[0x2b44b597dbb6]
condor_exec.exe(_ZN9__gnu_cxx13new_allocatorIfE10deallocateEPfm+0x20)[0x4887ca]
condor_exec.exe(_ZNSt12_Vector_baseIfSaIfEE13_M_deallocateEPfm+0x32)[0x487b74]
condor_exec.exe(_ZNSt12_Vector_baseIfSaIfEED2Ev+0x47)[0x4872e5]
condor_exec.exe(_ZNSt6vectorIfSaIfEED1Ev+0x44)[0x486b1e]
condor_exec.exe(_ZNSt4pairIKSt6vectorIfSaIfEEfED1Ev+0x18)[0x4aadcc]
condor_exec.exe(_ZN9__gnu_cxx13new_allocatorISt4pairIKSt6vectorIfSaIfEEfEE7destroyEPS6_+0x1c)[0x4ae322]
condor_exec.exe(_ZNSt8_Rb_treeISt6vectorIfSaIfEESt4pairIKS2_fESt10_Select1stIS5_ESt4lessIS2_ESaIS5_EE15_M_destroy_nodeEPSt13_Rb_tree_nodeIS5_E+0x3d)[0x4ac651]
condor_exec.exe(_ZNSt8_Rb_treeISt6vectorIfSaIfEESt4pairIKS2_fESt10_Select1stIS5_ESt4lessIS2_ESaIS5_EE8_M_eraseEPSt13_Rb_tree_nodeIS5_E+0x53)[0x4ab77f]
condor_exec.exe(_ZNSt8_Rb_treeISt6vectorIfSaIfEESt4pairIKS2_fESt10_Select1stIS5_ESt4lessIS2_ESaIS5_EE8_M_eraseEPSt13_Rb_tree_nodeIS5_E+0x30)[0x4ab75c]
======= Memory map: ========
00400000-00631000 r-xp 00000000 00:1d 7359876                            /v/filer4b/v38q001/cdonahue/AtariTEXPLORE/experiment
00830000-00831000 r--p 00230000 00:1d 7359876                            /v/filer4b/v38q001/cdonahue/AtariTEXPLORE/experiment
00831000-00833000 rw-p 00231000 00:1d 7359876                            /v/filer4b/v38q001/cdonahue/AtariTEXPLORE/experiment
00833000-00879000 rw-p 00000000 00:00 0 
01696000-2e3e3d000 rw-p 00000000 00:00 0                                 [heap]
2b44b3cd8000-2b44b3cf8000 r-xp 00000000 08:01 827386                     /lib/ld-2.11.1.so
2b44b3cf8000-2b44b3cfa000 rw-p 00000000 00:00 0 
2b44b3ef7000-2b44b3ef8000 r--p 0001f000 08:01 827386                     /lib/ld-2.11.1.so
2b44b3ef8000-2b44b3ef9000 rw-p 00020000 08:01 827386                     /lib/ld-2.11.1.so
2b44b3ef9000-2b44b3efa000 rw-p 00000000 00:00 0 
2b44b3efa000-2b44b4150000 r-xp 00000000 00:1d 23720866                   /v/filer4b/v38q001/cdonahue/AtariTEXPLORE/ale/libale.so
2b44b4150000-2b44b434f000 ---p 00256000 00:1d 23720866                   /v/filer4b/v38q001/cdonahue/AtariTEXPLORE/ale/libale.so
2b44b434f000-2b44b43c4000 r--p 00255000 00:1d 23720866                   /v/filer4b/v38q001/cdonahue/AtariTEXPLORE/ale/libale.so
2b44b43c4000-2b44b43c9000 rw-p 002ca000 00:1d 23720866                   /v/filer4b/v38q001/cdonahue/AtariTEXPLORE/ale/libale.so
2b44b43c9000-2b44b4453000 rw-p 00000000 00:00 0 
2b44b446e000-2b44b44ed000 r-xp 00000000 08:01 1086192                    /usr/lib/libdirectfb-1.2.so.0.8.0
2b44b44ed000-2b44b46ec000 ---p 0007f000 08:01 1086192                    /usr/lib/libdirectfb-1.2.so.0.8.0
2b44b46ec000-2b44b46ee000 r--p 0007e000 08:01 1086192                    /usr/lib/libdirectfb-1.2.so.0.8.0
2b44b46ee000-2b44b46f0000 rw-p 00080000 08:01 1086192                    /usr/lib/libdirectfb-1.2.so.0.8.0
2b44b46f0000-2b44b46f2000 rw-p 00000000 00:00 0 
2b44b46f2000-2b44b4708000 r-xp 00000000 08:01 786593                     /lib/libz.so.1.2.3.3
2b44b4708000-2b44b4907000 ---p 00016000 08:01 786593                     /lib/libz.so.1.2.3.3
2b44b4907000-2b44b4908000 r--p 00015000 08:01 786593                     /lib/libz.so.1.2.3.3
2b44b4908000-2b44b4909000 rw-p 00016000 08:01 786593                     /lib/libz.so.1.2.3.3
2b44b4909000-2b44b490c000 r-xp 00000000 08:01 1103342                    /usr/lib/libboost_system.so.1.40.0
2b44b490c000-2b44b4b0b000 ---p 00003000 08:01 1103342                    /usr/lib/libboost_system.so.1.40.0
2b44b4b0b000-2b44b4b0c000 r--p 00002000 08:01 1103342                    /usr/lib/libboost_system.so.1.40.0
2b44b4b0c000-2b44b4b0d000 rw-p 00003000 08:01 1103342                    /usr/lib/libboost_system.so.1.40.0
2b44b4b0d000-2b44b4b21000 r-xp 00000000 08:01 1103482                    /usr/lib/libboost_thread.so.1.40.0
2b44b4b21000-2b44b4d20000 ---p 00014000 08:01 1103482                    /usr/lib/libboost_thread.so.1.40.0
2b44b4d20000-2b44b4d22000 r--p 00013000 08:01 1103482                    /usr/lib/libboost_thread.so.1.40.0
2b44b4d22000-2b44b4d23000 rw-p 00015000 08:01 1103482                    /usr/lib/libboost_thread.so.1.40.0
2b44b4d23000-2b44b4d24000 rw-p 00000000 00:00 0 
2b44b4d24000-2b44b4d37000 r-xp 00000000 08:01 1103344                    /usr/lib/libboost_filesystem.so.1.40.0
2b44b4d37000-2b44b4f37000 ---p 00013000 08:01 1103344                    /usr/lib/libboost_filesystem.so.1.40.0
2b44b4f37000-2b44b4f38000 r--p 00013000 08:01 1103344                    /usr/lib/libboost_filesystem.so.1.40.0
2b44b4f38000-2b44b4f39000 rw-p 00014000 08:01 1103344                    /usr/lib/libboost_filesystem.so.1.40.0
2b44b4f39000-2b44b4f51000 r-xp 00000000 08:01 827389                     /lib/libpthread-2.11.1.so
2b44b4f51000-2b44b5150000 ---p 00018000 08:01 827389                     /lib/libpthread-2.11.1.so
2b44b5150000-2b44b5151000 r--p 00017000 08:01 827389                     /lib/libpthread-2.11.1.so
2b44b5151000-2b44b5152000 rw-p 00018000 08:01 827389                     /lib/libpthread-2.11.1.so
2b44b5152000-2b44b5156000 rw-p 00000000 00:00 0 
2b44b5156000-2b44b524c000 r-xp 00000000 08:01 1049194                    /usr/lib/libstdc++.so.6.0.13
2b44b524c000-2b44b544c000 ---p 000f6000 08:01 1049194                    /usr/lib/libstdc++.so.6.0.13
2b44b544c000-2b44b5453000 r--p 000f6000 08:01 1049194                    /usr/lib/libstdc++.so.6.0.13
2b44b5453000-2b44b5455000 rw-p 000fd000 08:01 1049194                    /usr/lib/libstdc++.so.6.0.13
2b44b5455000-2b44b546b000 rw-p 00000000 00:00 0 
2b44b546b000-2b44b54ed000 r-xp 00000000 08:01 827378                     /lib/libm-2.11.1.so
2b44b54ed000-2b44b56ec000 ---p 00082000 08:01 827378                     /lib/libm-2.11.1.so
2b44b56ec000-2b44b56ed000 r--p 00081000 08:01 827378                     /lib/libm-2.11.1.so
2b44b56ed000-2b44b56ee000 rw-p 00082000 08:01 827378                     /lib/libm-2.11.1.so
2b44b56ee000-2b44b5704000 r-xp 00000000 08:01 790575                     /lib/libgcc_s.so.1
2b44b5704000-2b44b5903000 ---p 00016000 08:01 790575                     /lib/libgcc_s.so.1
2b44b5903000-2b44b5904000 r--p 00015000 08:01 790575                     /lib/libgcc_s.so.1
2b44b5904000-2b44b5905000 rw-p 00016000 08:01 790575                     /lib/libgcc_s.so.1
2b44b5905000-2b44b5a82000 r-xp 00000000 08:01 828206                     /lib/libc-2.11.1.so
2b44b5a82000-2b44b5c81000 ---p 0017d000 08:01 828206                     /lib/libc-2.11.1.so
2b44b5c81000-2b44b5c85000 r--p 0017c000 08:01 828206                     /lib/libc-2.11.1.so
2b44b5c85000-2b44b5c86000 rw-p 00180000 08:01 828206                     /lib/libc-2.11.1.so
2b44b5c86000-2b44b5c8c000 rw-p 00000000 00:00 0 
2b44b5c8c000-2b44b5c8e000 r-xp 00000000 08:01 828204                     /lib/libdl-2.11.1.so
2b44b5c8e000-2b44b5e8e000 ---p 00002000 08:01 828204                     /lib/libdl-2.11.1.so
2b44b5e8e000-2b44b5e8f000 r--p 00002000 08:01 828204                     /lib/libdl-2.11.1.so
2b44b5e8f000-2b44b5e90000 rw-p 00003000 08:01 828204                     /lib/libdl-2.11.1.so
2b44b5e90000-2b44b5ea7000 r-xp 00000000 08:01 1086191                    /usr/lib/libdirect-1.2.so.0.8.0
2b44b5ea7000-2b44b60a6000 ---p 00017000 08:01 1086191                    /usr/lib/libdirect-1.2.so.0.8.0
2b44b60a6000-2b44b60a7000 r--p 00016000 08:01 1086191                    /usr/lib/libdirect-1.2.so.0.8.0
2b44b60a7000-2b44b60a8000 rw-p 00017000 08:01 1086191                    /usr/lib/libdirect-1.2.so.0.8.0
2b44b60a8000-2b44b60a9000 rw-p 00000000 00:00 0 
2b44b60a9000-2b44b60b2000 r-xp 00000000 08:01 1086193                    /usr/lib/libfusion-1.2.so.0.8.0
2b44b60b2000-2b44b62b1000 ---p 00009000 08:01 1086193                    /usr/lib/libfusion-1.2.so.0.8.0
2b44b62b1000-2b44b62b2000 r--p 00008000 08:01 1086193                    /usr/lib/libfusion-1.2.so.0.8.0
2b44b62b2000-2b44b62b3000 rw-p 00009000 08:01 1086193                    /usr/lib/libfusion-1.2.so.0.8.0
2b44b62b3000-2b44b62b4000 rw-p 00000000 00:00 0 
2b44b62b4000-2b44b62bb000 r-xp 00000000 08:01 827383                     /lib/librt-2.11.1.so
2b44b62bb000-2b44b64ba000 ---p 00007000 08:01 827383                     /lib/librt-2.11.1.so
2b44b64ba000-2b44b64bb000 r--p 00006000 08:01 827383                     /lib/librt-2.11.1.so
2b44b64bb000-2b44b64bc000 rw-p 00007000 08:01 827383                     /lib/librt-2.11.1.so
2b44b64bc000-2b44b64c0000 rw-p 00000000 00:00 0 
2b44b64c0000-2b44b64c1000 ---p 00000000 00:00 0 
2b44b64c1000-2b44b66c1000 rw-p 00000000 00:00 0 
2b44b66c1000-2b44b66c2000 ---p 00000000 00:00 0 
2b44b66c2000-2b44b68c2000 rw-p 00000000 00:00 0 
2b44b8000000-2b44bc000000 rw-p 00000000 00:00 0 
2b44bc000000-2b44c0000000 rw-p 00000000 00:00 0 
2b44c0000000-2b44c4000000 rw-p 00000000 00:00 0 
2b44c4000000-2b44c8000000 rw-p 00000000 00:00 0 
2b44c8000000-2b44cc000000 rw-p 00000000 00:00 0 
2b44d0000000-2b44d8000000 rw-p 00000000 00:00 0 
2b44d8000000-2b44dc000000 rw-p 00000000 00:00 0 
2b44dc000000-2b44e0000000 rw-p 00000000 00:00 0 
2b44e0000000-2b44e8000000 rw-p 00000000 00:00 0 
2b44e8000000-2b44ec000000 rw-p 00000000 00:00 0 
2b44ec000000-2b44efff9000 rw-p 00000000 00:00 0 
2b44efff9000-2b44f0000000 ---p 00000000 00:00 0 
2b44f0000000-2b44f4000000 rw-p 00000000 00:00 0 
2b44f4000000-2b44f7ff6000 rw-p 00000000 00:00 0 
2b44f7ff6000-2b44f8000000 ---p 00000000 00:00 0 
2b44f8000000-2b4500000000 rw-p 00000000 00:00 0 
2b4500000000-2b4504000000 rw-p 00000000 00:00 0 
2b4504000000-2b4508000000 rw-p 00000000 00:00 0 
2b4508000000-2b450c000000 rw-p 00000000 00:00 0 
2b450c000000-2b4510000000 rw-p 00000000 00:00 0 
2b4510000000-2b4513ff4000 rw-p 00000000 00:00 0 
2b4513ff4000-2b4514000000 ---p 00000000 00:00 0 
2b4514000000-2b4518000000 rw-p 00000000 00:00 0 
2b4518000000-2b451c000000 rw-p 00000000 00:00 0 
2b451c000000-2b4520000000 rw-p 00000000 00:00 0 
2b4520000000-2b4523ffb000 rw-p 00000000 00:00 0 
2b4523ffb000-2b4524000000 ---p 00000000 00:00 0 
2b4524000000-2b4528000000 rw-p 00000000 00:00 0 
2b4528000000-2b4530000000 rw-p 00000000 00:00 0 
2b4530000000-2b4534000000 rw-p 00000000 00:00 0 
2b4534000000-2b4538000000 rw-p 00000000 00:00 0 
2b4538000000-2b453c000000 rw-p 00000000 00:00 0 
2b453c000000-2b4540000000 rw-p 00000000 00:00 0 
2b4540000000-2b4548000000 rw-p 00000000 00:00 0 
2b4548000000-2b4550000000 rw-p 00000000 00:00 0 
2b4550000000-2b4554000000 rw-p 00000000 00:00 0 
2b4554000000-2b4557f4f000 rw-p 00000000 00:00 0 
2b4557f4f000-2b4558000000 ---p 00000000 00:00 0 
2b4558000000-2b455bbd7000 rw-p 00000000 00:00 0 
2b455bbd7000-2b455c000000 ---p 00000000 00:00 0 
2b455c000000-2b4560000000 rw-p 00000000 00:00 0 
2b4560000000-2b4563ef3000 rw-p 00000000 00:00 0 
2b4563ef3000-2b4564000000 ---p 00000000 00:00 0 
2b4564000000-2b4567ef3000 rw-p 00000000 00:00 0 
2b4567ef3000-2b4568000000 ---p 00000000 00:00 0 
2b4568000000-2b456bef3000 rw-p 00000000 00:00 0 
2b456bef3000-2b456c000000 ---p 00000000 00:00 0 
2b456c000000-2b456fffd000 rw-p 00000000 00:00 0 
2b456fffd000-2b4570000000 ---p 00000000 00:00 0 
2b4570000000-2b4578000000 rw-p 00000000 00:00 0 
2b4578000000-2b457c000000 rw-p 00000000 00:00 0 
2b457c000000-2b4583ffd000 rw-p 00000000 00:00 0 
2b4583ffd000-2b4584000000 ---p 00000000 00:00 0 
2b4584000000-2b4587fff000 rw-p 00000000 00:00 0 
2b4587fff000-2b4588000000 ---p 00000000 00:00 0 
2b4588000000-2b458bffa000 rw-p 00000000 00:00 0 
2b458bffa000-2b458c000000 ---p 00000000 00:00 0 
2b458c000000-2b4590000000 rw-p 00000000 00:00 0 
2b4590000000-2b4594000000 rw-p 00000000 00:00 0 
2b4594000000-2b4598000000 rw-p 00000000 00:00 0 
2b4598000000-2b459bfe9000 rw-p 00000000 00:00 0 
2b459bfe9000-2b459c000000 ---p 00000000 00:00 0 
2b459c000000-2b45a0000000 rw-p 00000000 00:00 0 
2b45a0000000-2b45a3ff0000 rw-p 00000000 00:00 0 
2b45a3ff0000-2b45a4000000 ---p 00000000 00:00 0 
2b45a4000000-2b45a7ff2000 rw-p 00000000 00:00 0 
2b45a7ff2000-2b45a8000000 ---p 00000000 00:00 0 
2b45a8000000-2b45ac000000 rw-p 00000000 00:00 0 
2b45ac000000-2b45b0000000 rw-p 00000000 00:00 0 
2b45b0000000-2b45b4000000 rw-p 00000000 00:00 0 
2b45b4000000-2b45b8000000 rw-p 00000000 00:00 0 
2b45b8000000-2b45bc000000 rw-p 00000000 00:00 0 
2b45bc000000-2b45bfffd000 rw-p 00000000 00:00 0 
2b45bfffd000-2b45c0000000 ---p 00000000 00:00 0 
2b45c0000000-2b45c7fed000 rw-p 00000000 00:00 0 
2b45c7fed000-2b45c8000000 ---p 00000000 00:00 0 
2b45c8000000-2b45cc000000 rw-p 00000000 00:00 0 
2b45cc000000-2b45cfff8000 rw-p 00000000 00:00 0 
2b45cfff8000-2b45d0000000 ---p 00000000 00:00 0 
2b45d0000000-2b45d4000000 rw-p 00000000 00:00 0 
2b45d4000000-2b45d7ffc000 rw-p 00000000 00:00 0 
2b45d7ffc000-2b45d8000000 ---p 00000000 00:00 0 
2b45d8000000-2b45dc000000 rw-p 00000000 00:00 0 
2b45dc000000-2b45e0000000 rw-p 00000000 00:00 0 
2b45e0000000-2b45e4000000 rw-p 00000000 00:00 0 
2b45e4000000-2b45e8000000 rw-p 00000000 00:00 0 
2b45e8000000-2b45ec000000 rw-p 00000000 00:00 0 
2b45ec000000-2b45effff000 rw-p 00000000 00:00 0 
2b45effff000-2b45f0000000 ---p 00000000 00:00 0 
2b45f0000000-2b45f4000000 rw-p 00000000 00:00 0 
2b45f4000000-2b45f8000000 rw-p 00000000 00:00 0 
2b45f8000000-2b45fc000000 rw-p 00000000 00:00 0 
2b45fc000000-2b4600000000 rw-p 00000000 00:00 0 
2b4600000000-2b4604000000 rw-p 00000000 00:00 0 
2b4604000000-2b4608000000 rw-p 00000000 00:00 0 
2b4608000000-2b460c000000 rw-p 00000000 00:00 0 
2b460c000000-2b4610000000 rw-p 00000000 00:00 0 
2b4610000000-2b4614000000 rw-p 00000000 00:00 0 
2b4614000000-2b4618000000 rw-p 00000000 00:00 0 
2b4618000000-2b461c000000 rw-p 00000000 00:00 0 
2b461c000000-2b4624000000 rw-p 00000000 00:00 0 
2b4624000000-2b4628000000 rw-p 00000000 00:00 0 
2b4628000000-2b462c000000 rw-p 00000000 00:00 0 
2b462c000000-2b4630000000 rw-p 00000000 00:00 0 
2b4630000000-2b4634000000 rw-p 00000000 00:00 0 
2b4634000000-2b4637ff9000 rw-p 00000000 00:00 0 
2b4637ff9000-2b4638000000 ---p 00000000 00:00 0 
2b4638000000-2b463c000000 rw-p 00000000 00:00 0 
2b463c000000-2b4640000000 rw-p 00000000 00:00 0 
2b4640000000-2b4644000000 rw-p 00000000 00:00 0 
2b4644000000-2b4648000000 rw-p 00000000 00:00 0 
2b4648000000-2b464c000000 rw-p 00000000 00:00 0 
2b464c000000-2b4650000000 rw-p 00000000 00:00 0 
2b4650000000-2b4654000000 rw-p 00000000 00:00 0 
2b4654000000-2b4658000000 rw-p 00000000 00:00 0 
2b4658000000-2b465c000000 rw-p 00000000 00:00 0 
2b465c000000-2b465fff7000 rw-p 00000000 00:00 0 
2b465fff7000-2b4660000000 ---p 00000000 00:00 0 
2b4660000000-2b4664000000 rw-p 00000000 00:00 0 
2b4664000000-2b4668000000 rw-p 00000000 00:00 0 
2b4668000000-2b466bffd000 rw-p 00000000 00:00 0 
2b466bffd000-2b466c000000 ---p 00000000 00:00 0 
2b466c000000-2b4670000000 rw-p 00000000 00:00 0 
2b4670000000-2b4674000000 rw-p 00000000 00:00 0 
2b4674000000-2b4677ffc000 rw-p 00000000 00:00 0 
2b4677ffc000-2b4678000000 ---p 00000000 00:00 0 
2b4678000000-2b467c000000 rw-p 00000000 00:00 0 
2b467c000000-2b4680000000 rw-p 00000000 00:00 0 
2b4680000000-2b4684000000 rw-p 00000000 00:00 0 
2b4684000000-2b4687fec000 rw-p 00000000 00:00 0 
2b4687fec000-2b4688000000 ---p 00000000 00:00 0 
2b4688000000-2b468c000000 rw-p 00000000 00:00 0 
2b468c000000-2b468fff9000 rw-p 00000000 00:00 0 
2b468fff9000-2b4690000000 ---p 00000000 00:00 0 
2b4690000000-2b4698000000 rw-p 00000000 00:00 0 
2b4698000000-2b469c000000 rw-p 00000000 00:00 0 
2b469c000000-2b46a0000000 rw-p 00000000 00:00 0 
2b46a0000000-2b46a3fff000 rw-p 00000000 00:00 0 
2b46a3fff000-2b46a4000000 ---p 00000000 00:00 0 
2b46a4000000-2b46a8000000 rw-p 00000000 00:00 0 
2b46a8000000-2b46ac000000 rw-p 00000000 00:00 0 
2b46ac000000-2b46b0000000 rw-p 00000000 00:00 0 
2b46b0000000-2b46b4000000 rw-p 00000000 00:00 0 
2b46b4000000-2b46b8000000 rw-p 00000000 00:00 0 
2b46b8000000-2b46bbffe000 rw-p 00000000 00:00 0 
2b46bbffe000-2b46bc000000 ---p 00000000 00:00 0 
2b46bc000000-2b46c0000000 rw-p 00000000 00:00 0 
2b46c0000000-2b46c4000000 rw-p 00000000 00:00 0 
2b46c4000000-2b46c8000000 rw-p 00000000 00:00 0 
2b46c8000000-2b46cc000000 rw-p 00000000 00:00 0 
2b46cc000000-2b46d0000000 rw-p 00000000 00:00 0 
2b46d0000000-2b46d3ffa000 rw-p 00000000 00:00 0 
2b46d3ffa000-2b46d4000000 ---p 00000000 00:00 0 
2b46d4000000-2b46d7ffe000 rw-p 00000000 00:00 0 
2b46d7ffe000-2b46d8000000 ---p 00000000 00:00 0 
2b46d8000000-2b46dc000000 rw-p 00000000 00:00 0 
2b46dc000000-2b46e0000000 rw-p 00000000 00:00 0 
2b46e0000000-2b46e4000000 rw-p 00000000 00:00 0 
2b46e4000000-2b46e8000000 rw-p 00000000 00:00 0 
2b46e8000000-2b46ebffe000 rw-p 00000000 00:00 0 
2b46ebffe000-2b46ec000000 ---p 00000000 00:00 0 
2b46ec000000-2b46f0000000 rw-p 00000000 00:00 0 
2b46f0000000-2b46f4000000 rw-p 00000000 00:00 0 
2b46f4000000-2b46f7ffe000 rw-p 00000000 00:00 0 
2b46f7ffe000-2b46f8000000 ---p 00000000 00:00 0 
2b46f8000000-2b46fbff5000 rw-p 00000000 00:00 0 
2b46fbff5000-2b46fc000000 ---p 00000000 00:00 0 
2b46fc000000-2b4700000000 rw-p 00000000 00:00 0 
2b4700000000-2b4704000000 rw-p 00000000 00:00 0 
2b4704000000-2b4708000000 rw-p 00000000 00:00 0 
2b4708000000-2b470c000000 rw-p 00000000 00:00 0 
2b470c000000-2b4710000000 rw-p 00000000 00:00 0 
2b4710000000-2b4714000000 rw-p 00000000 00:00 0 
2b4714000000-2b4717fff000 rw-p 00000000 00:00 0 
2b4717fff000-2b4718000000 ---p 00000000 00:00 0 
2b4718000000-2b471c000000 rw-p 00000000 00:00 0 
2b471c000000-2b4720000000 rw-p 00000000 00:00 0 
2b4720000000-2b4724000000 rw-p 00000000 00:00 0 
2b4724000000-2b4728000000 rw-p 00000000 00:00 0 
2b4728000000-2b472ffe3000 rw-p 00000000 00:00 0 
2b472ffe3000-2b4730000000 ---p 00000000 00:00 0 
2b4730000000-2b4734000000 rw-p 00000000 00:00 0 
2b4734000000-2b4737fff000 rw-p 00000000 00:00 0 
2b4737fff000-2b4738000000 ---p 00000000 00:00 0 
2b4738000000-2b473c000000 rw-p 00000000 00:00 0 
2b473c000000-2b473fffc000 rw-p 00000000 00:00 0 
2b473fffc000-2b4740000000 ---p 00000000 00:00 0 
2b4740000000-2b4744000000 rw-p 00000000 00:00 0 
2b4744000000-2b4748000000 rw-p 00000000 00:00 0 
2b4748000000-2b474c000000 rw-p 00000000 00:00 0 
2b474c000000-2b4750000000 rw-p 00000000 00:00 0 
2b4750000000-2b4754000000 rw-p 00000000 00:00 0 
2b4754000000-2b4758000000 rw-p 00000000 00:00 0 
2b4758000000-2b4760000000 rw-p 00000000 00:00 0 
2b4760000000-2b4763ff9000 rw-p 00000000 00:00 0 
2b4763ff9000-2b4764000000 ---p 00000000 00:00 0 
2b4764000000-2b4768000000 rw-p 00000000 00:00 0 
2b4768000000-2b476bffe000 rw-p 00000000 00:00 0 
2b476bffe000-2b476c000000 ---p 00000000 00:00 0 
2b476c000000-2b476fff9000 rw-p 00000000 00:00 0 
2b476fff9000-2b4770000000 ---p 00000000 00:00 0 
2b4770000000-2b4774000000 rw-p 00000000 00:00 0 
2b4774000000-2b4778000000 rw-p 00000000 00:00 0 
2b4778000000-2b477bffb000 rw-p 00000000 00:00 0 
2b477bffb000-2b477c000000 ---p 00000000 00:00 0 
2b477c000000-2b477fffe000 rw-p 00000000 00:00 0 
2b477fffe000-2b4780000000 ---p 00000000 00:00 0 
2b4780000000-2b4784000000 rw-p 00000000 00:00 0 
2b4784000000-2b4788000000 rw-p 00000000 00:00 0 
2b4788000000-2b478c000000 rw-p 00000000 00:00 0 
2b478c000000-2b4790000000 rw-p 00000000 00:00 0 
2b4790000000-2b4794000000 rw-p 00000000 00:00 0 
2b4794000000-2b4798000000 rw-p 00000000 00:00 0 
2b4798000000-2b479c000000 rw-p 00000000 00:00 0 
2b479c000000-2b479ffff000 rw-p 00000000 00:00 0 
2b479ffff000-2b47a0000000 ---p 00000000 00:00 0 
2b47a0000000-2b47a3ffe000 rw-p 00000000 00:00 0 
2b47a3ffe000-2b47a4000000 ---p 00000000 00:00 0 
2b47a4000000-2b47a8000000 rw-p 00000000 00:00 0 
2b47a8000000-2b47abfff000 rw-p 00000000 00:00 0 
2b47abfff000-2b47ac000000 ---p 00000000 00:00 0 
2b47ac000000-2b47b0000000 rw-p 00000000 00:00 0 
2b47b0000000-2b47b3ff8000 rw-p 00000000 00:00 0 
2b47b3ff8000-2b47b4000000 ---p 00000000 00:00 0 
2b47b4000000-2b47b8000000 rw-p 00000000 00:00 0 
2b47b8000000-2b47bc000000 rw-p 00000000 00:00 0 
2b47bc000000-2b47bffff000 rw-p 00000000 00:00 0 
2b47bffff000-2b47c0000000 ---p 00000000 00:00 0 
2b47c0000000-2b47c4000000 rw-p 00000000 00:00 0 
2b47c4000000-2b47c8000000 rw-p 00000000 00:00 0 
2b47c8000000-2b47cc000000 rw-p 00000000 00:00 0 
2b47cc000000-2b47d0000000 rw-p 00000000 00:00 0 
2b47d0000000-2b47d4000000 rw-p 00000000 00:00 0 
2b47d4000000-2b47d8000000 rw-p 00000000 00:00 0 
2b47d8000000-2b47dc000000 rw-p 00000000 00:00 0 
2b47dc000000-2b47e0000000 rw-p 00000000 00:00 0 
2b47e0000000-2b47e7ffd000 rw-p 00000000 00:00 0 
2b47e7ffd000-2b47e8000000 ---p 00000000 00:00 0 
2b47e8000000-2b47ebfe7000 rw-p 00000000 00:00 0 
2b47ebfe7000-2b47ec000000 ---p 00000000 00:00 0 
2b47ec000000-2b47f0000000 rw-p 00000000 00:00 0 
2b47f0000000-2b47f8000000 rw-p 00000000 00:00 0 
2b47f8000000-2b47fc000000 rw-p 00000000 00:00 0 
2b47fc000000-2b4800000000 rw-p 00000000 00:00 0 
2b4800000000-2b4803ffe000 rw-p 00000000 00:00 0 
2b4803ffe000-2b4804000000 ---p 00000000 00:00 0 
2b4804000000-2b4808000000 rw-p 00000000 00:00 0 
2b4808000000-2b480c000000 rw-p 00000000 00:00 0 
2b480c000000-2b4810000000 rw-p 00000000 00:00 0 
2b4810000000-2b4814000000 rw-p 00000000 00:00 0 
2b4814000000-2b4818000000 rw-p 00000000 00:00 0 
2b4818000000-2b481c000000 rw-p 00000000 00:00 0 
2b481c000000-2b4820000000 rw-p 00000000 00:00 0 
2b4820000000-2b4823b4f000 rw-p 00000000 00:00 0 
2b4823b4f000-2b4824000000 ---p 00000000 00:00 0 
2b4824000000-2b4827ffb000 rw-p 00000000 00:00 0 
2b4827ffb000-2b4828000000 ---p 00000000 00:00 0 
2b4828000000-2b482bae8000 rw-p 00000000 00:00 0 
2b482bae8000-2b482c000000 ---p 00000000 00:00 0 
2b482c000000-2b482ffdc000 rw-p 00000000 00:00 0 
2b482ffdc000-2b4830000000 ---p 00000000 00:00 0 
2b4830000000-2b4833a00000 rw-p 00000000 00:00 0 
2b4833a00000-2b4834000000 ---p 00000000 00:00 0 
2b4834000000-2b4837f4a000 rw-p 00000000 00:00 0 
2b4837f4a000-2b4838000000 ---p 00000000 00:00 0 
2b4838000000-2b483bfc8000 rw-p 00000000 00:00 0 
2b483bfc8000-2b483c000000 ---p 00000000 00:00 0 
2b483c000000-2b4840000000 rw-p 00000000 00:00 0 
2b4840000000-2b48dc000000 rw-p 00000000 00:00 0 
2b48dc000000-2b48e0000000 rw-p 00000000 00:00 0 
2b48e0000000-2b48e4000000 rw-p 00000000 00:00 0 
2b48e4000000-2b48e7ff9000 rw-p 00000000 00:00 0 
2b48e7ff9000-2b48e8000000 ---p 00000000 00:00 0 
2b48e8000000-2b48ec000000 rw-p 00000000 00:00 0 
2b48ec000000-2b48f0000000 rw-p 00000000 00:00 0 
2b48f0000000-2b48f4000000 rw-p 00000000 00:00 0 
2b48f4000000-2b48f8000000 rw-p 00000000 00:00 0 
2b48f8000000-2b48fc000000 rw-p 00000000 00:00 0 
2b48fc000000-2b4900000000 rw-p 00000000 00:00 0 
2b4900000000-2b4903ffd000 rw-p 00000000 00:00 0 
2b4903ffd000-2b4904000000 ---p 00000000 00:00 0 
2b4904000000-2b4907ffd000 rw-p 00000000 00:00 0 
2b4907ffd000-2b4908000000 ---p 00000000 00:00 0 
2b4908000000-2b490c000000 rw-p 00000000 00:00 0 
2b490c000000-2b4910000000 rw-p 00000000 00:00 0 
2b4910000000-2b4914000000 rw-p 00000000 00:00 0 
2b4914000000-2b4918000000 rw-p 00000000 00:00 0 
2b4918000000-2b491bfff000 rw-p 00000000 00:00 0 
2b491bfff000-2b491c000000 ---p 00000000 00:00 0 
2b491c000000-2b4920000000 rw-p 00000000 00:00 0 
2b4920000000-2b4924000000 rw-p 00000000 00:00 0 
2b4924000000-2b4928000000 rw-p 00000000 00:00 0 
2b4928000000-2b492bfff000 rw-p 00000000 00:00 0 
2b492bfff000-2b492c000000 ---p 00000000 00:00 0 
2b492c000000-2b4930000000 rw-p 00000000 00:00 0 
2b4930000000-2b4934000000 rw-p 00000000 00:00 0 
2b4934000000-2b4938000000 rw-p 00000000 00:00 0 
2b4938000000-2b493bffc000 rw-p 00000000 00:00 0 
2b493bffc000-2b493c000000 ---p 00000000 00:00 0 
2b493c000000-2b4940000000 rw-p 00000000 00:00 0 
2b4940000000-2b4944000000 rw-p 00000000 00:00 0 
2b4944000000-2b4948000000 rw-p 00000000 00:00 0 
2b4948000000-2b494bff7000 rw-p 00000000 00:00 0 
2b494bff7000-2b494c000000 ---p 00000000 00:00 0 
2b494c000000-2b4950000000 rw-p 00000000 00:00 0 
2b4950000000-2b4953ffd000 rw-p 00000000 00:00 0 
2b4953ffd000-2b4954000000 ---p 00000000 00:00 0 
2b4954000000-2b4958000000 rw-p 00000000 00:00 0 
2b4958000000-2b495c000000 rw-p 00000000 00:00 0 
2b495c000000-2b4960000000 rw-p 00000000 00:00 0 
2b4960000000-2b4964000000 rw-p 00000000 00:00 0 
2b4964000000-2b4967fef000 rw-p 00000000 00:00 0 
2b4967fef000-2b4968000000 ---p 00000000 00:00 0 
2b4968000000-2b496bffe000 rw-p 00000000 00:00 0 
2b496bffe000-2b496c000000 ---p 00000000 00:00 0 
2b496c000000-2b4970000000 rw-p 00000000 00:00 0 
2b4970000000-2b4973ffb000 rw-p 00000000 00:00 0 
2b4973ffb000-2b4974000000 ---p 00000000 00:00 0 
2b4974000000-2b4978000000 rw-p 00000000 00:00 0 
2b4978000000-2b497c000000 rw-p 00000000 00:00 0 
2b497c000000-2b4980000000 rw-p 00000000 00:00 0 
2b4980000000-2b4983ffc000 rw-p 00000000 00:00 0 
2b4983ffc000-2b4984000000 ---p 00000000 00:00 0 
2b4984000000-2b4987fff000 rw-p 00000000 00:00 0 
2b4987fff000-2b4988000000 ---p 00000000 00:00 0 
2b4988000000-2b498c000000 rw-p 00000000 00:00 0 
2b498c000000-2b4990000000 rw-p 00000000 00:00 0 
2b4990000000-2b4993fea000 rw-p 00000000 00:00 0 
2b4993fea000-2b4994000000 ---p 00000000 00:00 0 
2b4994000000-2b4998000000 rw-p 00000000 00:00 0 
2b4998000000-2b499c000000 rw-p 00000000 00:00 0 
2b499c000000-2b49a0000000 rw-p 00000000 00:00 0 
2b49a0000000-2b49a4000000 rw-p 00000000 00:00 0 
2b49a4000000-2b49a7ff2000 rw-p 00000000 00:00 0 
2b49a7ff2000-2b49a8000000 ---p 00000000 00:00 0 
2b49a8000000-2b49ac000000 rw-p 00000000 00:00 0 
2b49ac000000-2b49afff5000 rw-p 00000000 00:00 0 
2b49afff5000-2b49b0000000 ---p 00000000 00:00 0 
2b49b0000000-2b49b4000000 rw-p 00000000 00:00 0 
2b49b4000000-2b49b8000000 rw-p 00000000 00:00 0 
2b49b8000000-2b49bc000000 rw-p 00000000 00:00 0 
2b49bc000000-2b49bfff7000 rw-p 00000000 00:00 0 
2b49bfff7000-2b49c0000000 ---p 00000000 00:00 0 
2b49c0000000-2b49c3ffe000 rw-p 00000000 00:00 0 
2b49c3ffe000-2b49c4000000 ---p 00000000 00:00 0 
2b49c4000000-2b49c8000000 rw-p 00000000 00:00 0 
2b49c8000000-2b49cc000000 rw-p 00000000 00:00 0 
2b49cc000000-2b49d0000000 rw-p 00000000 00:00 0 
2b49d0000000-2b49d4000000 rw-p 00000000 00:00 0 
2b49d4000000-2b49d7fff000 rw-p 00000000 00:00 0 
2b49d7fff000-2b49d8000000 ---p 00000000 00:00 0 
2b49d8000000-2b49dc000000 rw-p 00000000 00:00 0 
2b49dc000000-2b49e0000000 rw-p 00000000 00:00 0 
2b49e0000000-2b49e4000000 rw-p 00000000 00:00 0 
2b49e4000000-2b49e8000000 rw-p 00000000 00:00 0 
2b49e8000000-2b49ebff3000 rw-p 00000000 00:00 0 
2b49ebff3000-2b49ec000000 ---p 00000000 00:00 0 
2b49ec000000-2b49effff000 rw-p 00000000 00:00 0 
2b49effff000-2b49f0000000 ---p 00000000 00:00 0 
2b49f0000000-2b49f3fed000 rw-p 00000000 00:00 0 
2b49f3fed000-2b49f4000000 ---p 00000000 00:00 0 
2b49f4000000-2b49f8000000 rw-p 00000000 00:00 0 
2b49f8000000-2b49fc000000 rw-p 00000000 00:00 0 
2b49fc000000-2b4a00000000 rw-p 00000000 00:00 0 
2b4a00000000-2b4a04000000 rw-p 00000000 00:00 0 
2b4a04000000-2b4a07ffe000 rw-p 00000000 00:00 0 
2b4a07ffe000-2b4a08000000 ---p 00000000 00:00 0 
2b4a08000000-2b4a0c000000 rw-p 00000000 00:00 0 
2b4a0c000000-2b4a10000000 rw-p 00000000 00:00 0 
2b4a10000000-2b4a14000000 rw-p 00000000 00:00 0 
2b4a14000000-2b4a17fff000 rw-p 00000000 00:00 0 
2b4a17fff000-2b4a18000000 ---p 00000000 00:00 0 
2b4a18000000-2b4a1c000000 rw-p 00000000 00:00 0 
2b4a1c000000-2b4a1ffff000 rw-p 00000000 00:00 0 
2b4a1ffff000-2b4a20000000 ---p 00000000 00:00 0 
2b4a20000000-2b4a24000000 rw-p 00000000 00:00 0 
2b4a24000000-2b4a28000000 rw-p 00000000 00:00 0 
2b4a28000000-2b4a2c000000 rw-p 00000000 00:00 0 
2b4a2c000000-2b4a30000000 rw-p 00000000 00:00 0 
2b4a30000000-2b4a34000000 rw-p 00000000 00:00 0 
2b4a34000000-2b4a38000000 rw-p 00000000 00:00 0 
2b4a38000000-2b4a3c000000 rw-p 00000000 00:00 0 
2b4a3c000000-2b4a40000000 rw-p 00000000 00:00 0 
2b4a40000000-2b4a44000000 rw-p 00000000 00:00 0 
2b4a44000000-2b4a48000000 rw-p 00000000 00:00 0 
2b4a48000000-2b4a4bffe000 rw-p 00000000 00:00 0 
2b4a4bffe000-2b4a4c000000 ---p 00000000 00:00 0 
2b4a4c000000-2b4a50000000 rw-p 00000000 00:00 0 
2b4a50000000-2b4a54000000 rw-p 00000000 00:00 0 
2b4a54000000-2b4a58000000 rw-p 00000000 00:00 0 
2b4a58000000-2b4a5c000000 rw-p 00000000 00:00 0 
2b4a5c000000-2b4a60000000 rw-p 00000000 00:00 0 
2b4a60000000-2b4a64000000 rw-p 00000000 00:00 0 
2b4a64000000-2b4a68000000 rw-p 00000000 00:00 0 
2b4a68000000-2b4a6c000000 rw-p 00000000 00:00 0 
2b4a6c000000-2b4a6ffec000 rw-p 00000000 00:00 0 
2b4a6ffec000-2b4a70000000 ---p 00000000 00:00 0 
2b4a70000000-2b4a74000000 rw-p 00000000 00:00 0 
2b4a74000000-2b4a77fe8000 rw-p 00000000 00:00 0 
2b4a77fe8000-2b4a78000000 ---p 00000000 00:00 0 
2b4a78000000-2b4a7c000000 rw-p 00000000 00:00 0 
2b4a7c000000-2b4a7fff7000 rw-p 00000000 00:00 0 
2b4a7fff7000-2b4a80000000 ---p 00000000 00:00 0 
2b4a80000000-2b4a84000000 rw-p 00000000 00:00 0 
2b4a84000000-2b4a88000000 rw-p 00000000 00:00 0 
2b4a88000000-2b4a8c000000 rw-p 00000000 00:00 0 
2b4a8c000000-2b4a90000000 rw-p 00000000 00:00 0 
2b4a90000000-2b4a94000000 rw-p 00000000 00:00 0 
2b4a94000000-2b4a97ff9000 rw-p 00000000 00:00 0 
2b4a97ff9000-2b4a98000000 ---p 00000000 00:00 0 
2b4a98000000-2b4a9c000000 rw-p 00000000 00:00 0 
2b4a9c000000-2b4a9ffff000 rw-p 00000000 00:00 0 
2b4a9ffff000-2b4aa0000000 ---p 00000000 00:00 0 
2b4aa0000000-2b4aa4000000 rw-p 00000000 00:00 0 
2b4aa4000000-2b4aa7ff9000 rw-p 00000000 00:00 0 
2b4aa7ff9000-2b4aa8000000 ---p 00000000 00:00 0 
2b4aa8000000-2b4aac000000 rw-p 00000000 00:00 0 
2b4aac000000-2b4ab0000000 rw-p 00000000 00:00 0 
2b4ab0000000-2b4ab4000000 rw-p 00000000 00:00 0 
2b4ab4000000-2b4ab8000000 rw-p 00000000 00:00 0 
2b4ab8000000-2b4abc000000 rw-p 00000000 00:00 0 
2b4abc000000-2b4ac0000000 rw-p 00000000 00:00 0 
2b4ac0000000-2b4ac4000000 rw-p 00000000 00:00 0 
2b4ac4000000-2b4ac8000000 rw-p 00000000 00:00 0 
2b4ac8000000-2b4acc000000 rw-p 00000000 00:00 0 
2b4acc000000-2b4ad4000000 rw-p 00000000 00:00 0 
2b4ad4000000-2b4ad8000000 rw-p 00000000 00:00 0 
2b4ad8000000-2b4adc000000 rw-p 00000000 00:00 0 
2b4adc000000-2b4ae0000000 rw-p 00000000 00:00 0 
2b4ae0000000-2b4ae3ff8000 rw-p 00000000 00:00 0 
2b4ae3ff8000-2b4ae4000000 ---p 00000000 00:00 0 
2b4ae4000000-2b4ae8000000 rw-p 00000000 00:00 0 
2b4ae8000000-2b4aec000000 rw-p 00000000 00:00 0 
2b4aec000000-2b4af0000000 rw-p 00000000 00:00 0 
2b4af0000000-2b4af4000000 rw-p 00000000 00:00 0 
2b4af4000000-2b4af8000000 rw-p 00000000 00:00 0 
2b4af8000000-2b4afc000000 rw-p 00000000 00:00 0 
2b4afc000000-2b4b00000000 rw-p 00000000 00:00 0 
2b4b00000000-2b4b08000000 rw-p 00000000 00:00 0 
2b4b08000000-2b4b0c000000 rw-p 00000000 00:00 0 
2b4b0c000000-2b4b10000000 rw-p 00000000 00:00 0 
2b4b10000000-2b4b14000000 rw-p 00000000 00:00 0 
2b4b14000000-2b4b18000000 rw-p 00000000 00:00 0 
2b4b18000000-2b4b1c000000 rw-p 00000000 00:00 0 
2b4b1c000000-2b4b20000000 rw-p 00000000 00:00 0 
2b4b20000000-2b4b24000000 rw-p 00000000 00:00 0 
2b4b24000000-2b4b28000000 rw-p 00000000 00:00 0 
2b4b28000000-2b4b2c000000 rw-p 00000000 00:00 0 
2b4b2c000000-2b4b30000000 rw-p 00000000 00:00 0 
2b4b30000000-2b4b34000000 rw-p 00000000 00:00 0 
2b4b34000000-2b4b38000000 rw-p 00000000 00:00 0 
2b4b38000000-2b4b3c000000 rw-p 00000000 00:00 0 
2b4b3c000000-2b4b40000000 rw-p 00000000 00:00 0 
2b4b40000000-2b4b44000000 rw-p 00000000 00:00 0 
2b4b44000000-2b4b47ffc000 rw-p 00000000 00:00 0 
2b4b47ffc000-2b4b48000000 ---p 00000000 00:00 0 
2b4b48000000-2b4b4bffb000 rw-p 00000000 00:00 0 
2b4b4bffb000-2b4b4c000000 ---p 00000000 00:00 0 
2b4b4c000000-2b4b50000000 rw-p 00000000 00:00 0 
2b4b50000000-2b4b54000000 rw-p 00000000 00:00 0 
2b4b54000000-2b4b58000000 rw-p 00000000 00:00 0 
2b4b58000000-2b4b5bffa000 rw-p 00000000 00:00 0 
2b4b5bffa000-2b4b5c000000 ---p 00000000 00:00 0 
2b4b5c000000-2b4b60000000 rw-p 00000000 00:00 0 
2b4b60000000-2b4b64000000 rw-p 00000000 00:00 0 
2b4b64000000-2b4b67fe9000 rw-p 00000000 00:00 0 
2b4b67fe9000-2b4b68000000 ---p 00000000 00:00 0 
2b4b68000000-2b4b6c000000 rw-p 00000000 00:00 0 
2b4b6c000000-2b4b70000000 rw-p 00000000 00:00 0 
2b4b70000000-2b4b74000000 rw-p 00000000 00:00 0 
2b4b74000000-2b4b78000000 rw-p 00000000 00:00 0 
2b4b78000000-2b4b7c000000 rw-p 00000000 00:00 0 
2b4b7c000000-2b4b84000000 rw-p 00000000 00:00 0 
2b4b84000000-2b4b88000000 rw-p 00000000 00:00 0 
2b4b88000000-2b4b8c000000 rw-p 00000000 00:00 0 
2b4b8c000000-2b4b90000000 rw-p 00000000 00:00 0 
2b4b90000000-2b4b94000000 rw-p 00000000 00:00 0 
2b4b94000000-2b4b98000000 rw-p 00000000 00:00 0 
2b4b98000000-2b4ba0000000 rw-p 00000000 00:00 0 
2b4ba0000000-2b4ba4000000 rw-p 00000000 00:00 0 
2b4ba4000000-2b4ba8000000 rw-p 00000000 00:00 0 
2b4ba8000000-2b4bb0000000 rw-p 00000000 00:00 0 
2b4bb0000000-2b4bb4000000 rw-p 00000000 00:00 0 
2b4bb4000000-2b4bb8000000 rw-p 00000000 00:00 0 
2b4bb8000000-2b4bbc000000 rw-p 00000000 00:00 0 
2b4bbc000000-2b4bbffe6000 rw-p 00000000 00:00 0 
2b4bbffe6000-2b4bc0000000 ---p 00000000 00:00 0 
2b4bc0000000-2b4bc3ffa000 rw-p 00000000 00:00 0 
2b4bc3ffa000-2b4bc4000000 ---p 00000000 00:00 0 
2b4bc4000000-2b4bc8000000 rw-p 00000000 00:00 0 
2b4bc8000000-2b4bcbffe000 rw-p 00000000 00:00 0 
2b4bcbffe000-2b4bcc000000 ---p 00000000 00:00 0 
2b4bcc000000-2b4bd0000000 rw-p 00000000 00:00 0 
2b4bd0000000-2b4bd4000000 rw-p 00000000 00:00 0 
2b4bd4000000-2b4bd8000000 rw-p 00000000 00:00 0 
2b4bd8000000-2b4bdc000000 rw-p 00000000 00:00 0 
2b4bdc000000-2b4be0000000 rw-p 00000000 00:00 0 
2b4be0000000-2b4be4000000 rw-p 00000000 00:00 0 
2b4be4000000-2b4be7fff000 rw-p 00000000 00:00 0 
2b4be7fff000-2b4be8000000 ---p 00000000 00:00 0 
2b4be8000000-2b4bec000000 rw-p 00000000 00:00 0 
2b4bec000000-2b4bf0000000 rw-p 00000000 00:00 0 
2b4bf0000000-2b4bf4000000 rw-p 00000000 00:00 0 
2b4bf4000000-2b4bf8000000 rw-p 00000000 00:00 0 
2b4bf8000000-2b4bfc000000 rw-p 00000000 00:00 0 
2b4bfc000000-2b4c00000000 rw-p 00000000 00:00 0 
2b4c00000000-2b4c04000000 rw-p 00000000 00:00 0 
2b4c04000000-2b4c08000000 rw-p 00000000 00:00 0 
2b4c08000000-2b4c0c000000 rw-p 00000000 00:00 0 
2b4c0c000000-2b4c0fff3000 rw-p 00000000 00:00 0 
2b4c0fff3000-2b4c10000000 ---p 00000000 00:00 0 
2b4c10000000-2b4c14000000 rw-p 00000000 00:00 0 
2b4c14000000-2b4c18000000 rw-p 00000000 00:00 0 
2b4c18000000-2b4c1c000000 rw-p 00000000 00:00 0 
2b4c1c000000-2b4c20000000 rw-p 00000000 00:00 0 
2b4c20000000-2b4c23ffa000 rw-p 00000000 00:00 0 
2b4c23ffa000-2b4c24000000 ---p 00000000 00:00 0 
2b4c24000000-2b4c28000000 rw-p 00000000 00:00 0 
2b4c28000000-2b4c2c000000 rw-p 00000000 00:00 0 
2b4c2c000000-2b4c2ffff000 rw-p 00000000 00:00 0 
2b4c2ffff000-2b4c30000000 ---p 00000000 00:00 0 
2b4c30000000-2b4c34000000 rw-p 00000000 00:00 0 
2b4c34000000-2b4c38000000 rw-p 00000000 00:00 0 
2b4c38000000-2b4c3c000000 rw-p 00000000 00:00 0 
2b4c3c000000-2b4c40000000 rw-p 00000000 00:00 0 
2b4c40000000-2b4c44000000 rw-p 00000000 00:00 0 
2b4c44000000-2b4c48000000 rw-p 00000000 00:00 0 
2b4c48000000-2b4c4c000000 rw-p 00000000 00:00 0 
2b4c4c000000-2b4c4fffc000 rw-p 00000000 00:00 0 
2b4c4fffc000-2b4c50000000 ---p 00000000 00:00 0 
2b4c50000000-2b4c54000000 rw-p 00000000 00:00 0 
2b4c54000000-2b4c58000000 rw-p 00000000 00:00 0 
2b4c58000000-2b4c5c000000 rw-p 00000000 00:00 0 
2b4c5c000000-2b4c60000000 rw-p 00000000 00:00 0 
2b4c60000000-2b4c63fe9000 rw-p 00000000 00:00 0 
2b4c63fe9000-2b4c64000000 ---p 00000000 00:00 0 
2b4c64000000-2b4c68000000 rw-p 00000000 00:00 0 
2b4c68000000-2b4c6c000000 rw-p 00000000 00:00 0 
2b4c6c000000-2b4c70000000 rw-p 00000000 00:00 0 
2b4c70000000-2b4c74000000 rw-p 00000000 00:00 0 
2b4c74000000-2b4c78000000 rw-p 00000000 00:00 0 
2b4c78000000-2b4c7c000000 rw-p 00000000 00:00 0 
2b4c7c000000-2b4c80000000 rw-p 00000000 00:00 0 
2b4c80000000-2b4c84000000 rw-p 00000000 00:00 0 
2b4c84000000-2b4c88000000 rw-p 00000000 00:00 0 
2b4c88000000-2b4c8bffc000 rw-p 00000000 00:00 0 
2b4c8bffc000-2b4c8c000000 ---p 00000000 00:00 0 
2b4c8c000000-2b4c8ffff000 rw-p 00000000 00:00 0 
2b4c8ffff000-2b4c90000000 ---p 00000000 00:00 0 
2b4c90000000-2b4c94000000 rw-p 00000000 00:00 0 
2b4c94000000-2b4c97ff9000 rw-p 00000000 00:00 0 
2b4c97ff9000-2b4c98000000 ---p 00000000 00:00 0 
2b4c98000000-2b4c9bff9000 rw-p 00000000 00:00 0 
2b4c9bff9000-2b4c9c000000 ---p 00000000 00:00 0 
2b4c9c000000-2b4c9fffe000 rw-p 00000000 00:00 0 
2b4c9fffe000-2b4ca0000000 ---p 00000000 00:00 0 
2b4ca0000000-2b4ca4000000 rw-p 00000000 00:00 0 
2b4ca4000000-2b4ca8000000 rw-p 00000000 00:00 0 
2b4ca8000000-2b4cac000000 rw-p 00000000 00:00 0 
2b4cac000000-2b4cb0000000 rw-p 00000000 00:00 0 
2b4cb0000000-2b4cb4000000 rw-p 00000000 00:00 0 
2b4cb4000000-2b4cb7fe7000 rw-p 00000000 00:00 0 
2b4cb7fe7000-2b4cb8000000 ---p 00000000 00:00 0 
2b4cb8000000-2b4cbc000000 rw-p 00000000 00:00 0 
2b4cbc000000-2b4cbfff1000 rw-p 00000000 00:00 0 
2b4cbfff1000-2b4cc0000000 ---p 00000000 00:00 0 
2b4cc0000000-2b4cc3fec000 rw-p 00000000 00:00 0 
2b4cc3fec000-2b4cc4000000 ---p 00000000 00:00 0 
2b4cc4000000-2b4cc8000000 rw-p 00000000 00:00 0 
2b4cc8000000-2b4ccbff7000 rw-p 00000000 00:00 0 
2b4ccbff7000-2b4ccc000000 ---p 00000000 00:00 0 
2b4ccc000000-2b4cd0000000 rw-p 00000000 00:00 0 
2b4cd0000000-2b4cd3fe8000 rw-p 00000000 00:00 0 
2b4cd3fe8000-2b4cd4000000 ---p 00000000 00:00 0 
2b4cd4000000-2b4cd8000000 rw-p 00000000 00:00 0 
2b4cd8000000-2b4cdc000000 rw-p 00000000 00:00 0 
2b4cdc000000-2b4cdfffe000 rw-p 00000000 00:00 0 
2b4cdfffe000-2b4ce0000000 ---p 00000000 00:00 0 
2b4ce0000000-2b4ce4000000 rw-p 00000000 00:00 0 
2b4ce4000000-2b4ce8000000 rw-p 00000000 00:00 0 
2b4ce8000000-2b4cec000000 rw-p 00000000 00:00 0 
2b4cec000000-2b4cf0000000 rw-p 00000000 00:00 0 
2b4cf0000000-2b4cf4000000 rw-p 00000000 00:00 0 
2b4cf4000000-2b4cf8000000 rw-p 00000000 00:00 0 
2b4cf8000000-2b4cfbfe4000 rw-p 00000000 00:00 0 
2b4cfbfe4000-2b4cfc000000 ---p 00000000 00:00 0 
2b4cfc000000-2b4d00000000 rw-p 00000000 00:00 0 
2b4d00000000-2b4d04000000 rw-p 00000000 00:00 0 
2b4d04000000-2b4d08000000 rw-p 00000000 00:00 0 
2b4d08000000-2b4d0c000000 rw-p 00000000 00:00 0 
2b4d0c000000-2b4d10000000 rw-p 00000000 00:00 0 
2b4d10000000-2b4d13ffa000 rw-p 00000000 00:00 0 
2b4d13ffa000-2b4d14000000 ---p 00000000 00:00 0 
2b4d14000000-2b4d17ffe000 rw-p 00000000 00:00 0 
2b4d17ffe000-2b4d18000000 ---p 00000000 00:00 0 
2b4d18000000-2b4d1c000000 rw-p 00000000 00:00 0 
2b4d1c000000-2b4d20000000 rw-p 00000000 00:00 0 
2b4d20000000-2b4d24000000 rw-p 00000000 00:00 0 
2b4d24000000-2b4d27ff1000 rw-p 00000000 00:00 0 
2b4d27ff1000-2b4d28000000 ---p 00000000 00:00 0 
2b4d28000000-2b4d2c000000 rw-p 00000000 00:00 0 
2b4d2c000000-2b4d2fffa000 rw-p 00000000 00:00 0 
2b4d2fffa000-2b4d30000000 ---p 00000000 00:00 0 
2b4d30000000-2b4d34000000 rw-p 00000000 00:00 0 
2b4d34000000-2b4d38000000 rw-p 00000000 00:00 0 
2b4d38000000-2b4d3c000000 rw-p 00000000 00:00 0 
2b4d3c000000-2b4d3fff1000 rw-p 00000000 00:00 0 
2b4d3fff1000-2b4d40000000 ---p 00000000 00:00 0 
2b4d40000000-2b4d44000000 rw-p 00000000 00:00 0 
2b4d44000000-2b4d48000000 rw-p 00000000 00:00 0 
2b4d48000000-2b4d4bff0000 rw-p 00000000 00:00 0 
2b4d4bff0000-2b4d4c000000 ---p 00000000 00:00 0 
2b4d4c000000-2b4d50000000 rw-p 00000000 00:00 0 
2b4d50000000-2b4d54000000 rw-p 00000000 00:00 0 
2b4d54000000-2b4d58000000 rw-p 00000000 00:00 0 
2b4d58000000-2b4d5bfe7000 rw-p 00000000 00:00 0 
2b4d5bfe7000-2b4d5c000000 ---p 00000000 00:00 0 
2b4d5c000000-2b4d5fffd000 rw-p 00000000 00:00 0 
2b4d5fffd000-2b4d60000000 ---p 00000000 00:00 0 
2b4d60000000-2b4d63ffd000 rw-p 00000000 00:00 0 
2b4d63ffd000-2b4d64000000 ---p 00000000 00:00 0 
2b4d64000000-2b4d67feb000 rw-p 00000000 00:00 0 
2b4d67feb000-2b4d68000000 ---p 00000000 00:00 0 
2b4d68000000-2b4d6bffd000 rw-p 00000000 00:00 0 
2b4d6bffd000-2b4d6c000000 ---p 00000000 00:00 0 
2b4d6c000000-2b4d70000000 rw-p 00000000 00:00 0 
2b4d70000000-2b4d73ffa000 rw-p 00000000 00:00 0 
2b4d73ffa000-2b4d74000000 ---p 00000000 00:00 0 
2b4d74000000-2b4d78000000 rw-p 00000000 00:00 0 
2b4d78000000-2b4d7c000000 rw-p 00000000 00:00 0 
2b4d7c000000-2b4d80000000 rw-p 00000000 00:00 0 
2b4d80000000-2b4d84000000 rw-p 00000000 00:00 0 
2b4d84000000-2b4d87ff4000 rw-p 00000000 00:00 0 
2b4d87ff4000-2b4d88000000 ---p 00000000 00:00 0 
2b4d88000000-2b4d8c000000 rw-p 00000000 00:00 0 
2b4d8c000000-2b4d90000000 rw-p 00000000 00:00 0 
2b4d90000000-2b4d93fff000 rw-p 00000000 00:00 0 
2b4d93fff000-2b4d94000000 ---p 00000000 00:00 0 
2b4d94000000-2b4d98000000 rw-p 00000000 00:00 0 
2b4d98000000-2b4d9bc14000 rw-p 00000000 00:00 0 
2b4d9bc14000-2b4d9c000000 ---p 00000000 00:00 0 
2b4d9c000000-2b4da0000000 rw-p 00000000 00:00 0 
2b4da0000000-2b4da31ed000 rw-p 00000000 00:00 0 
2b4da31ed000-2b4da4000000 ---p 00000000 00:00 0 
2b4da4000000-2b4da5a92000 rw-p 00000000 00:00 0 
2b4da5a92000-2b4da8000000 ---p 00000000 00:00 0 
7fff21c26000-7fff21cac000 rw-p 00000000 00:00 0                          [stack]
7fff21d55000-7fff21d56000 r-xp 00000000 00:00 0                          [vdso]
ffffffffff600000-ffffffffff601000 r-xp 00000000 00:00 0                  [vsyscall]
