01.09.2013
12.10.06
condor_exec.exe --agent texplore --explore variancenovelty --n 5 --v 2 --rom ./games/asterix.bin --model c45tree --planner uct 

Specialized environment for Asterix, uses 8 features:
0: self x position
1: self row #
2: relative x distance to object in row above self
3: ID of object in row above self
4: relative x distance to object in row below self
5: ID of object in row below self
6: relative x distance to object in current row of self
7: ID of object in current row of self
0: C4.5 Tree
1: C4.5 Tree
2: C4.5 Tree
3: C4.5 Tree
4: C4.5 Tree
5: C4.5 Tree
6: C4.5 Tree
7: C4.5 Tree
REWARD: C4.5 Tree
TERMINAL: C4.5 Tree

rhavan-44
Architecture:          x86_64
CPU op-mode(s):        32-bit, 64-bit
CPU(s):                8
Thread(s) per core:    1
Core(s) per socket:    4
CPU socket(s):         2
NUMA node(s):          1
Vendor ID:             GenuineIntel
CPU family:            6
Model:                 15
Stepping:              11
CPU MHz:               2660.326
Virtualization:        VT-x
L1d cache:             32K
L1i cache:             32K
L2 cache:              4096K
MemTotal:       33013004 kB
MemFree:        28958880 kB


score	#steps	#invld
50	42	0
50	80	0
150	151	0
50	51	0
50	53	0
50	47	0
150	118	0
