01.09.2013
12.32.41
condor_exec.exe --agent texplore --explore variancenovelty --n 5 --v 2 --rom ./games/asterix.bin --model c45tree --planner uct 

Specialized environment for Asterix, uses 8 features:
0: self x position
1: self row #
2: relative x distance to object in row above self
3: ID of object in row above self
4: relative x distance to object in row below self
5: ID of object in row below self
6: relative x distance to object in current row of self
7: ID of object in current row of self
0: C4.5 Tree
1: C4.5 Tree
2: C4.5 Tree
3: C4.5 Tree
4: C4.5 Tree
5: C4.5 Tree
6: C4.5 Tree
7: C4.5 Tree
REWARD: C4.5 Tree
TERMINAL: C4.5 Tree

glamdring-4
Architecture:          x86_64
CPU op-mode(s):        32-bit, 64-bit
CPU(s):                40
Thread(s) per core:    2
Core(s) per socket:    10
CPU socket(s):         2
NUMA node(s):          2
Vendor ID:             GenuineIntel
CPU family:            6
Model:                 47
Stepping:              2
CPU MHz:               2394.210
Virtualization:        VT-x
L1d cache:             32K
L1i cache:             32K
L2 cache:              256K
L3 cache:              30720K
MemTotal:       529430880 kB
MemFree:        516919796 kB


score	#steps	#invld
50	42	0
50	80	0
150	151	0
50	51	0
50	53	0
50	47	0
150	118	0
100	104	0
100	46	0
150	115	0
100	122	0
250	247	0
50	42	0
100	74	0
50	45	0
100	108	0
*** glibc detected *** condor_exec.exe: malloc(): smallbin double linked list corrupted: 0x00000005ac3f2760 ***
======= Backtrace: =========
/lib/libc.so.6(+0x78bb6)[0x2ae4e4795bb6]
/lib/libc.so.6(+0x7cee9)[0x2ae4e4799ee9]
/lib/libc.so.6(__libc_malloc+0x6e)[0x2ae4e479ab8e]
/usr/lib/libstdc++.so.6(_Znwm+0x1d)[0x2ae4e403924d]
condor_exec.exe(_ZN9__gnu_cxx13new_allocatorIPN7C45Tree15tree_experienceEE8allocateEmPKv+0x49)[0x4d507b]
condor_exec.exe(_ZNSt12_Vector_baseIPN7C45Tree15tree_experienceESaIS2_EE11_M_allocateEm+0x2f)[0x4d46f5]
condor_exec.exe(_ZNSt6vectorIPN7C45Tree15tree_experienceESaIS2_EE13_M_insert_auxEN9__gnu_cxx17__normal_iteratorIPS2_S4_EERKS2_+0x113)[0x4d36df]
condor_exec.exe(_ZNSt6vectorIPN7C45Tree15tree_experienceESaIS2_EE9push_backERKS2_+0x78)[0x4d2e36]
condor_exec.exe(_ZN7C45Tree13calcGainRatioEifbRKSt6vectorIPNS_15tree_experienceESaIS2_EEfRS4_S7_+0x181)[0x4cfdf9]
condor_exec.exe(_ZN7C45Tree18testPossibleSplitsERKSt6vectorIPNS_15tree_experienceESaIS2_EEPfPiS7_PbPS4_SA_+0x1a7)[0x4cf581]
condor_exec.exe(_ZN7C45Tree9buildTreeEPNS_9tree_nodeERKSt6vectorIPNS_15tree_experienceESaIS4_EEb+0x309)[0x4ceaab]
condor_exec.exe(_ZN7C45Tree14implementSplitEPNS_9tree_nodeEfifbRKSt6vectorIPNS_15tree_experienceESaIS4_EES8_b+0x73d)[0x4cf36f]
condor_exec.exe(_ZN7C45Tree9buildTreeEPNS_9tree_nodeERKSt6vectorIPNS_15tree_experienceESaIS4_EEb+0x348)[0x4ceaea]
condor_exec.exe(_ZN7C45Tree14implementSplitEPNS_9tree_nodeEfifbRKSt6vectorIPNS_15tree_experienceESaIS4_EES8_b+0x795)[0x4cf3c7]
condor_exec.exe(_ZN7C45Tree9buildTreeEPNS_9tree_nodeERKSt6vectorIPNS_15tree_experienceESaIS4_EEb+0x348)[0x4ceaea]
condor_exec.exe(_ZN7C45Tree14implementSplitEPNS_9tree_nodeEfifbRKSt6vectorIPNS_15tree_experienceESaIS4_EES8_b+0x73d)[0x4cf36f]
condor_exec.exe(_ZN7C45Tree9buildTreeEPNS_9tree_nodeERKSt6vectorIPNS_15tree_experienceESaIS4_EEb+0x348)[0x4ceaea]
condor_exec.exe(_ZN7C45Tree14implementSplitEPNS_9tree_nodeEfifbRKSt6vectorIPNS_15tree_experienceESaIS4_EES8_b+0x73d)[0x4cf36f]
condor_exec.exe(_ZN7C45Tree9buildTreeEPNS_9tree_nodeERKSt6vectorIPNS_15tree_experienceESaIS4_EEb+0x348)[0x4ceaea]
condor_exec.exe(_ZN7C45Tree14implementSplitEPNS_9tree_nodeEfifbRKSt6vectorIPNS_15tree_experienceESaIS4_EES8_b+0x73d)[0x4cf36f]
condor_exec.exe(_ZN7C45Tree9buildTreeEPNS_9tree_nodeERKSt6vectorIPNS_15tree_experienceESaIS4_EEb+0x348)[0x4ceaea]
condor_exec.exe(_ZN7C45Tree14implementSplitEPNS_9tree_nodeEfifbRKSt6vectorIPNS_15tree_experienceESaIS4_EES8_b+0x73d)[0x4cf36f]
condor_exec.exe(_ZN7C45Tree9buildTreeEPNS_9tree_nodeERKSt6vectorIPNS_15tree_experienceESaIS4_EEb+0x348)[0x4ceaea]
condor_exec.exe(_ZN7C45Tree14implementSplitEPNS_9tree_nodeEfifbRKSt6vectorIPNS_15tree_experienceESaIS4_EES8_b+0x73d)[0x4cf36f]
condor_exec.exe(_ZN7C45Tree9buildTreeEPNS_9tree_nodeERKSt6vectorIPNS_15tree_experienceESaIS4_EEb+0x348)[0x4ceaea]
condor_exec.exe(_ZN7C45Tree14implementSplitEPNS_9tree_nodeEfifbRKSt6vectorIPNS_15tree_experienceESaIS4_EES8_b+0x73d)[0x4cf36f]
condor_exec.exe(_ZN7C45Tree9buildTreeEPNS_9tree_nodeERKSt6vectorIPNS_15tree_experienceESaIS4_EEb+0x348)[0x4ceaea]
condor_exec.exe(_ZN7C45Tree14implementSplitEPNS_9tree_nodeEfifbRKSt6vectorIPNS_15tree_experienceESaIS4_EES8_b+0x73d)[0x4cf36f]
condor_exec.exe(_ZN7C45Tree9buildTreeEPNS_9tree_nodeERKSt6vectorIPNS_15tree_experienceESaIS4_EEb+0x348)[0x4ceaea]
condor_exec.exe(_ZN7C45Tree14implementSplitEPNS_9tree_nodeEfifbRKSt6vectorIPNS_15tree_experienceESaIS4_EES8_b+0x73d)[0x4cf36f]
condor_exec.exe(_ZN7C45Tree9buildTreeEPNS_9tree_nodeERKSt6vectorIPNS_15tree_experienceESaIS4_EEb+0x348)[0x4ceaea]
condor_exec.exe(_ZN7C45Tree14implementSplitEPNS_9tree_nodeEfifbRKSt6vectorIPNS_15tree_experienceESaIS4_EES8_b+0x795)[0x4cf3c7]
condor_exec.exe(_ZN7C45Tree9buildTreeEPNS_9tree_nodeERKSt6vectorIPNS_15tree_experienceESaIS4_EEb+0x348)[0x4ceaea]
condor_exec.exe(_ZN7C45Tree14implementSplitEPNS_9tree_nodeEfifbRKSt6vectorIPNS_15tree_experienceESaIS4_EES8_b+0x73d)[0x4cf36f]
condor_exec.exe(_ZN7C45Tree9buildTreeEPNS_9tree_nodeERKSt6vectorIPNS_15tree_experienceESaIS4_EEb+0x348)[0x4ceaea]
condor_exec.exe(_ZN7C45Tree14implementSplitEPNS_9tree_nodeEfifbRKSt6vectorIPNS_15tree_experienceESaIS4_EES8_b+0x73d)[0x4cf36f]
condor_exec.exe(_ZN7C45Tree9buildTreeEPNS_9tree_nodeERKSt6vectorIPNS_15tree_experienceESaIS4_EEb+0x348)[0x4ceaea]
condor_exec.exe(_ZN7C45Tree14implementSplitEPNS_9tree_nodeEfifbRKSt6vectorIPNS_15tree_experienceESaIS4_EES8_b+0x73d)[0x4cf36f]
condor_exec.exe(_ZN7C45Tree9buildTreeEPNS_9tree_nodeERKSt6vectorIPNS_15tree_experienceESaIS4_EEb+0x348)[0x4ceaea]
condor_exec.exe(_ZN7C45Tree14implementSplitEPNS_9tree_nodeEfifbRKSt6vectorIPNS_15tree_experienceESaIS4_EES8_b+0x73d)[0x4cf36f]
condor_exec.exe(_ZN7C45Tree9buildTreeEPNS_9tree_nodeERKSt6vectorIPNS_15tree_experienceESaIS4_EEb+0x348)[0x4ceaea]
condor_exec.exe(_ZN7C45Tree14implementSplitEPNS_9tree_nodeEfifbRKSt6vectorIPNS_15tree_experienceESaIS4_EES8_b+0x73d)[0x4cf36f]
condor_exec.exe(_ZN7C45Tree9buildTreeEPNS_9tree_nodeERKSt6vectorIPNS_15tree_experienceESaIS4_EEb+0x348)[0x4ceaea]
condor_exec.exe(_ZN7C45Tree14implementSplitEPNS_9tree_nodeEfifbRKSt6vectorIPNS_15tree_experienceESaIS4_EES8_b+0x73d)[0x4cf36f]
condor_exec.exe(_ZN7C45Tree9buildTreeEPNS_9tree_nodeERKSt6vectorIPNS_15tree_experienceESaIS4_EEb+0x348)[0x4ceaea]
condor_exec.exe(_ZN7C45Tree14implementSplitEPNS_9tree_nodeEfifbRKSt6vectorIPNS_15tree_experienceESaIS4_EES8_b+0x73d)[0x4cf36f]
condor_exec.exe(_ZN7C45Tree9buildTreeEPNS_9tree_nodeERKSt6vectorIPNS_15tree_experienceESaIS4_EEb+0x348)[0x4ceaea]
condor_exec.exe(_ZN7C45Tree14implementSplitEPNS_9tree_nodeEfifbRKSt6vectorIPNS_15tree_experienceESaIS4_EES8_b+0x73d)[0x4cf36f]
condor_exec.exe(_ZN7C45Tree9buildTreeEPNS_9tree_nodeERKSt6vectorIPNS_15tree_experienceESaIS4_EEb+0x348)[0x4ceaea]
condor_exec.exe(_ZN7C45Tree14implementSplitEPNS_9tree_nodeEfifbRKSt6vectorIPNS_15tree_experienceESaIS4_EES8_b+0x73d)[0x4cf36f]
condor_exec.exe(_ZN7C45Tree9buildTreeEPNS_9tree_nodeERKSt6vectorIPNS_15tree_experienceESaIS4_EEb+0x348)[0x4ceaea]
condor_exec.exe(_ZN7C45Tree14implementSplitEPNS_9tree_nodeEfifbRKSt6vectorIPNS_15tree_experienceESaIS4_EES8_b+0x73d)[0x4cf36f]
condor_exec.exe(_ZN7C45Tree9buildTreeEPNS_9tree_nodeERKSt6vectorIPNS_15tree_experienceESaIS4_EEb+0x348)[0x4ceaea]
condor_exec.exe(_ZN7C45Tree14implementSplitEPNS_9tree_nodeEfifbRKSt6vectorIPNS_15tree_experienceESaIS4_EES8_b+0x73d)[0x4cf36f]
condor_exec.exe(_ZN7C45Tree9buildTreeEPNS_9tree_nodeERKSt6vectorIPNS_15tree_experienceESaIS4_EEb+0x348)[0x4ceaea]
condor_exec.exe(_ZN7C45Tree14implementSplitEPNS_9tree_nodeEfifbRKSt6vectorIPNS_15tree_experienceESaIS4_EES8_b+0x795)[0x4cf3c7]
condor_exec.exe(_ZN7C45Tree9buildTreeEPNS_9tree_nodeERKSt6vectorIPNS_15tree_experienceESaIS4_EEb+0x348)[0x4ceaea]
condor_exec.exe(_ZN7C45Tree14implementSplitEPNS_9tree_nodeEfifbRKSt6vectorIPNS_15tree_experienceESaIS4_EES8_b+0x73d)[0x4cf36f]
condor_exec.exe(_ZN7C45Tree9buildTreeEPNS_9tree_nodeERKSt6vectorIPNS_15tree_experienceESaIS4_EEb+0x348)[0x4ceaea]
condor_exec.exe(_ZN7C45Tree14implementSplitEPNS_9tree_nodeEfifbRKSt6vectorIPNS_15tree_experienceESaIS4_EES8_b+0x73d)[0x4cf36f]
condor_exec.exe(_ZN7C45Tree9buildTreeEPNS_9tree_nodeERKSt6vectorIPNS_15tree_experienceESaIS4_EEb+0x348)[0x4ceaea]
condor_exec.exe(_ZN7C45Tree14implementSplitEPNS_9tree_nodeEfifbRKSt6vectorIPNS_15tree_experienceESaIS4_EES8_b+0x73d)[0x4cf36f]
condor_exec.exe(_ZN7C45Tree9buildTreeEPNS_9tree_nodeERKSt6vectorIPNS_15tree_experienceESaIS4_EEb+0x348)[0x4ceaea]
======= Memory map: ========
00400000-00631000 r-xp 00000000 00:1d 39817                              /v/filer4b/v38q001/cdonahue/AtariTEXPLORE/experiment2
00830000-00831000 r--p 00230000 00:1d 39817                              /v/filer4b/v38q001/cdonahue/AtariTEXPLORE/experiment2
00831000-00833000 rw-p 00231000 00:1d 39817                              /v/filer4b/v38q001/cdonahue/AtariTEXPLORE/experiment2
00833000-00879000 rw-p 00000000 00:00 0 
00f84000-13374cc000 rw-p 00000000 00:00 0                                [heap]
2ae4e2af0000-2ae4e2b10000 r-xp 00000000 08:01 278982                     /lib/ld-2.11.1.so
2ae4e2b10000-2ae4e2b12000 rw-p 00000000 00:00 0 
2ae4e2d0f000-2ae4e2d10000 r--p 0001f000 08:01 278982                     /lib/ld-2.11.1.so
2ae4e2d10000-2ae4e2d11000 rw-p 00020000 08:01 278982                     /lib/ld-2.11.1.so
2ae4e2d11000-2ae4e2d12000 rw-p 00000000 00:00 0 
2ae4e2d12000-2ae4e2f68000 r-xp 00000000 00:1d 23720866                   /v/filer4b/v38q001/cdonahue/AtariTEXPLORE/ale/libale.so
2ae4e2f68000-2ae4e3167000 ---p 00256000 00:1d 23720866                   /v/filer4b/v38q001/cdonahue/AtariTEXPLORE/ale/libale.so
2ae4e3167000-2ae4e31dc000 r--p 00255000 00:1d 23720866                   /v/filer4b/v38q001/cdonahue/AtariTEXPLORE/ale/libale.so
2ae4e31dc000-2ae4e31e1000 rw-p 002ca000 00:1d 23720866                   /v/filer4b/v38q001/cdonahue/AtariTEXPLORE/ale/libale.so
2ae4e31e1000-2ae4e326b000 rw-p 00000000 00:00 0 
2ae4e3286000-2ae4e3305000 r-xp 00000000 08:01 822534                     /usr/lib/libdirectfb-1.2.so.0.8.0
2ae4e3305000-2ae4e3504000 ---p 0007f000 08:01 822534                     /usr/lib/libdirectfb-1.2.so.0.8.0
2ae4e3504000-2ae4e3506000 r--p 0007e000 08:01 822534                     /usr/lib/libdirectfb-1.2.so.0.8.0
2ae4e3506000-2ae4e3508000 rw-p 00080000 08:01 822534                     /usr/lib/libdirectfb-1.2.so.0.8.0
2ae4e3508000-2ae4e350a000 rw-p 00000000 00:00 0 
2ae4e350a000-2ae4e3520000 r-xp 00000000 08:01 262526                     /lib/libz.so.1.2.3.3
2ae4e3520000-2ae4e371f000 ---p 00016000 08:01 262526                     /lib/libz.so.1.2.3.3
2ae4e371f000-2ae4e3720000 r--p 00015000 08:01 262526                     /lib/libz.so.1.2.3.3
2ae4e3720000-2ae4e3721000 rw-p 00016000 08:01 262526                     /lib/libz.so.1.2.3.3
2ae4e3721000-2ae4e3724000 r-xp 00000000 08:01 839295                     /usr/lib/libboost_system.so.1.40.0
2ae4e3724000-2ae4e3923000 ---p 00003000 08:01 839295                     /usr/lib/libboost_system.so.1.40.0
2ae4e3923000-2ae4e3924000 r--p 00002000 08:01 839295                     /usr/lib/libboost_system.so.1.40.0
2ae4e3924000-2ae4e3925000 rw-p 00003000 08:01 839295                     /usr/lib/libboost_system.so.1.40.0
2ae4e3925000-2ae4e3939000 r-xp 00000000 08:01 839435                     /usr/lib/libboost_thread.so.1.40.0
2ae4e3939000-2ae4e3b38000 ---p 00014000 08:01 839435                     /usr/lib/libboost_thread.so.1.40.0
2ae4e3b38000-2ae4e3b3a000 r--p 00013000 08:01 839435                     /usr/lib/libboost_thread.so.1.40.0
2ae4e3b3a000-2ae4e3b3b000 rw-p 00015000 08:01 839435                     /usr/lib/libboost_thread.so.1.40.0
2ae4e3b3b000-2ae4e3b3c000 rw-p 00000000 00:00 0 
2ae4e3b3c000-2ae4e3b4f000 r-xp 00000000 08:01 839297                     /usr/lib/libboost_filesystem.so.1.40.0
2ae4e3b4f000-2ae4e3d4f000 ---p 00013000 08:01 839297                     /usr/lib/libboost_filesystem.so.1.40.0
2ae4e3d4f000-2ae4e3d50000 r--p 00013000 08:01 839297                     /usr/lib/libboost_filesystem.so.1.40.0
2ae4e3d50000-2ae4e3d51000 rw-p 00014000 08:01 839297                     /usr/lib/libboost_filesystem.so.1.40.0
2ae4e3d51000-2ae4e3d69000 r-xp 00000000 08:01 278985                     /lib/libpthread-2.11.1.so
2ae4e3d69000-2ae4e3f68000 ---p 00018000 08:01 278985                     /lib/libpthread-2.11.1.so
2ae4e3f68000-2ae4e3f69000 r--p 00017000 08:01 278985                     /lib/libpthread-2.11.1.so
2ae4e3f69000-2ae4e3f6a000 rw-p 00018000 08:01 278985                     /lib/libpthread-2.11.1.so
2ae4e3f6a000-2ae4e3f6e000 rw-p 00000000 00:00 0 
2ae4e3f6e000-2ae4e4064000 r-xp 00000000 08:01 787018                     /usr/lib/libstdc++.so.6.0.13
2ae4e4064000-2ae4e4264000 ---p 000f6000 08:01 787018                     /usr/lib/libstdc++.so.6.0.13
2ae4e4264000-2ae4e426b000 r--p 000f6000 08:01 787018                     /usr/lib/libstdc++.so.6.0.13
2ae4e426b000-2ae4e426d000 rw-p 000fd000 08:01 787018                     /usr/lib/libstdc++.so.6.0.13
2ae4e426d000-2ae4e4283000 rw-p 00000000 00:00 0 
2ae4e4283000-2ae4e4305000 r-xp 00000000 08:01 278974                     /lib/libm-2.11.1.so
2ae4e4305000-2ae4e4504000 ---p 00082000 08:01 278974                     /lib/libm-2.11.1.so
2ae4e4504000-2ae4e4505000 r--p 00081000 08:01 278974                     /lib/libm-2.11.1.so
2ae4e4505000-2ae4e4506000 rw-p 00082000 08:01 278974                     /lib/libm-2.11.1.so
2ae4e4506000-2ae4e451c000 r-xp 00000000 08:01 267581                     /lib/libgcc_s.so.1
2ae4e451c000-2ae4e471b000 ---p 00016000 08:01 267581                     /lib/libgcc_s.so.1
2ae4e471b000-2ae4e471c000 r--p 00015000 08:01 267581                     /lib/libgcc_s.so.1
2ae4e471c000-2ae4e471d000 rw-p 00016000 08:01 267581                     /lib/libgcc_s.so.1
2ae4e471d000-2ae4e489a000 r-xp 00000000 08:01 278991                     /lib/libc-2.11.1.so
2ae4e489a000-2ae4e4a99000 ---p 0017d000 08:01 278991                     /lib/libc-2.11.1.so
2ae4e4a99000-2ae4e4a9d000 r--p 0017c000 08:01 278991                     /lib/libc-2.11.1.so
2ae4e4a9d000-2ae4e4a9e000 rw-p 00180000 08:01 278991                     /lib/libc-2.11.1.so
2ae4e4a9e000-2ae4e4aa4000 rw-p 00000000 00:00 0 
2ae4e4aa4000-2ae4e4aa6000 r-xp 00000000 08:01 278989                     /lib/libdl-2.11.1.so
2ae4e4aa6000-2ae4e4ca6000 ---p 00002000 08:01 278989                     /lib/libdl-2.11.1.so
2ae4e4ca6000-2ae4e4ca7000 r--p 00002000 08:01 278989                     /lib/libdl-2.11.1.so
2ae4e4ca7000-2ae4e4ca8000 rw-p 00003000 08:01 278989                     /lib/libdl-2.11.1.so
2ae4e4ca8000-2ae4e4cbf000 r-xp 00000000 08:01 822533                     /usr/lib/libdirect-1.2.so.0.8.0
2ae4e4cbf000-2ae4e4ebe000 ---p 00017000 08:01 822533                     /usr/lib/libdirect-1.2.so.0.8.0
2ae4e4ebe000-2ae4e4ebf000 r--p 00016000 08:01 822533                     /usr/lib/libdirect-1.2.so.0.8.0
2ae4e4ebf000-2ae4e4ec0000 rw-p 00017000 08:01 822533                     /usr/lib/libdirect-1.2.so.0.8.0
2ae4e4ec0000-2ae4e4ec1000 rw-p 00000000 00:00 0 
2ae4e4ec1000-2ae4e4eca000 r-xp 00000000 08:01 822535                     /usr/lib/libfusion-1.2.so.0.8.0
2ae4e4eca000-2ae4e50c9000 ---p 00009000 08:01 822535                     /usr/lib/libfusion-1.2.so.0.8.0
2ae4e50c9000-2ae4e50ca000 r--p 00008000 08:01 822535                     /usr/lib/libfusion-1.2.so.0.8.0
2ae4e50ca000-2ae4e50cb000 rw-p 00009000 08:01 822535                     /usr/lib/libfusion-1.2.so.0.8.0
2ae4e50cb000-2ae4e50cc000 rw-p 00000000 00:00 0 
2ae4e50cc000-2ae4e50d3000 r-xp 00000000 08:01 278979                     /lib/librt-2.11.1.so
2ae4e50d3000-2ae4e52d2000 ---p 00007000 08:01 278979                     /lib/librt-2.11.1.so
2ae4e52d2000-2ae4e52d3000 r--p 00006000 08:01 278979                     /lib/librt-2.11.1.so
2ae4e52d3000-2ae4e52d4000 rw-p 00007000 08:01 278979                     /lib/librt-2.11.1.so
2ae4e52d4000-2ae4f8fa4000 rw-p 00000000 00:00 0 
2ae4fc000000-2ae4fc021000 rw-p 00000000 00:00 0 
2ae4fc021000-2ae500000000 ---p 00000000 00:00 0 
7ffffbb73000-7ffffbbfa000 rw-p 00000000 00:00 0                          [stack]
7ffffbbff000-7ffffbc00000 r-xp 00000000 00:00 0                          [vdso]
ffffffffff600000-ffffffffff601000 r-xp 00000000 00:00 0                  [vsyscall]
